<?xml version="1.0"?>
<link_info>
   <banner>TI ARM Linker PC v16.9.3.LTS</banner>
   <copyright>Copyright (c) 1996-2017 Texas Instruments Incorporated</copyright>
   <link_time>0x5a730f06</link_time>
   <link_errors>0x0</link_errors>
   <output_file>newFastProject.out</output_file>
   <entry_point>
      <name>_c_int00</name>
      <address>0x22c5</address>
   </entry_point>
   <input_file_list>
      <input_file id="fl-2">
         <path>.\</path>
         <kind>object</kind>
         <file>Delay.obj</file>
         <name>Delay.obj</name>
      </input_file>
      <input_file id="fl-3">
         <path>.\</path>
         <kind>object</kind>
         <file>InitConsole.obj</file>
         <name>InitConsole.obj</name>
      </input_file>
      <input_file id="fl-4">
         <path>.\</path>
         <kind>object</kind>
         <file>heap_2.obj</file>
         <name>heap_2.obj</name>
      </input_file>
      <input_file id="fl-5">
         <path>.\</path>
         <kind>object</kind>
         <file>list.obj</file>
         <name>list.obj</name>
      </input_file>
      <input_file id="fl-6">
         <path>.\</path>
         <kind>object</kind>
         <file>main.obj</file>
         <name>main.obj</name>
      </input_file>
      <input_file id="fl-7">
         <path>.\</path>
         <kind>object</kind>
         <file>port.obj</file>
         <name>port.obj</name>
      </input_file>
      <input_file id="fl-8">
         <path>.\</path>
         <kind>object</kind>
         <file>portasm.obj</file>
         <name>portasm.obj</name>
      </input_file>
      <input_file id="fl-9">
         <path>.\</path>
         <kind>object</kind>
         <file>queue.obj</file>
         <name>queue.obj</name>
      </input_file>
      <input_file id="fl-a">
         <path>.\</path>
         <kind>object</kind>
         <file>tasks.obj</file>
         <name>tasks.obj</name>
      </input_file>
      <input_file id="fl-b">
         <path>.\</path>
         <kind>object</kind>
         <file>timers.obj</file>
         <name>timers.obj</name>
      </input_file>
      <input_file id="fl-c">
         <path>.\</path>
         <kind>object</kind>
         <file>tm4c123gh6pm_startup_ccs.obj</file>
         <name>tm4c123gh6pm_startup_ccs.obj</name>
      </input_file>
      <input_file id="fl-d">
         <path>.\</path>
         <kind>object</kind>
         <file>uartstdio.obj</file>
         <name>uartstdio.obj</name>
      </input_file>
      <input_file id="fl-12">
         <kind>object</kind>
         <file>&lt;internal&gt;</file>
         <name>&lt;internal&gt;</name>
      </input_file>
      <input_file id="fl-c8">
         <path>C:\ti\ccsv7\tools\compiler\ti-cgt-arm_16.9.3.LTS\lib\</path>
         <kind>archive</kind>
         <file>rtsv7M4_T_le_v4SPD16_eabi.lib</file>
         <name>boot.obj</name>
      </input_file>
      <input_file id="fl-c9">
         <path>C:\ti\ccsv7\tools\compiler\ti-cgt-arm_16.9.3.LTS\lib\</path>
         <kind>archive</kind>
         <file>rtsv7M4_T_le_v4SPD16_eabi.lib</file>
         <name>copy_decompress_lzss.obj</name>
      </input_file>
      <input_file id="fl-ca">
         <path>C:\ti\ccsv7\tools\compiler\ti-cgt-arm_16.9.3.LTS\lib\</path>
         <kind>archive</kind>
         <file>rtsv7M4_T_le_v4SPD16_eabi.lib</file>
         <name>copy_decompress_none.obj</name>
      </input_file>
      <input_file id="fl-cb">
         <path>C:\ti\ccsv7\tools\compiler\ti-cgt-arm_16.9.3.LTS\lib\</path>
         <kind>archive</kind>
         <file>rtsv7M4_T_le_v4SPD16_eabi.lib</file>
         <name>copy_zero_init.obj</name>
      </input_file>
      <input_file id="fl-cc">
         <path>C:\ti\ccsv7\tools\compiler\ti-cgt-arm_16.9.3.LTS\lib\</path>
         <kind>archive</kind>
         <file>rtsv7M4_T_le_v4SPD16_eabi.lib</file>
         <name>exit.obj</name>
      </input_file>
      <input_file id="fl-cd">
         <path>C:\ti\ccsv7\tools\compiler\ti-cgt-arm_16.9.3.LTS\lib\</path>
         <kind>archive</kind>
         <file>rtsv7M4_T_le_v4SPD16_eabi.lib</file>
         <name>memcpy_t2.obj</name>
      </input_file>
      <input_file id="fl-ce">
         <path>C:\ti\ccsv7\tools\compiler\ti-cgt-arm_16.9.3.LTS\lib\</path>
         <kind>archive</kind>
         <file>rtsv7M4_T_le_v4SPD16_eabi.lib</file>
         <name>memset_t2.obj</name>
      </input_file>
      <input_file id="fl-cf">
         <path>C:\ti\ccsv7\tools\compiler\ti-cgt-arm_16.9.3.LTS\lib\</path>
         <kind>archive</kind>
         <file>rtsv7M4_T_le_v4SPD16_eabi.lib</file>
         <name>mpu_init.obj</name>
      </input_file>
      <input_file id="fl-d0">
         <path>C:\ti\ccsv7\tools\compiler\ti-cgt-arm_16.9.3.LTS\lib\</path>
         <kind>archive</kind>
         <file>rtsv7M4_T_le_v4SPD16_eabi.lib</file>
         <name>pre_init.obj</name>
      </input_file>
      <input_file id="fl-d1">
         <path>C:\ti\ccsv7\tools\compiler\ti-cgt-arm_16.9.3.LTS\lib\</path>
         <kind>archive</kind>
         <file>rtsv7M4_T_le_v4SPD16_eabi.lib</file>
         <name>stkdepth_vars.obj</name>
      </input_file>
      <input_file id="fl-d2">
         <path>C:\ti\ccsv7\tools\compiler\ti-cgt-arm_16.9.3.LTS\lib\</path>
         <kind>archive</kind>
         <file>rtsv7M4_T_le_v4SPD16_eabi.lib</file>
         <name>u_divt2.obj</name>
      </input_file>
      <input_file id="fl-d3">
         <path>C:\ti\ccsv7\tools\compiler\ti-cgt-arm_16.9.3.LTS\lib\</path>
         <kind>archive</kind>
         <file>rtsv7M4_T_le_v4SPD16_eabi.lib</file>
         <name>_lock.obj</name>
      </input_file>
      <input_file id="fl-d4">
         <path>C:\ti\ccsv7\tools\compiler\ti-cgt-arm_16.9.3.LTS\lib\</path>
         <kind>archive</kind>
         <file>rtsv7M4_T_le_v4SPD16_eabi.lib</file>
         <name>args_main.obj</name>
      </input_file>
      <input_file id="fl-d5">
         <path>C:\ti\ccsv7\tools\compiler\ti-cgt-arm_16.9.3.LTS\lib\</path>
         <kind>archive</kind>
         <file>rtsv7M4_T_le_v4SPD16_eabi.lib</file>
         <name>autoinit.obj</name>
      </input_file>
      <input_file id="fl-d6">
         <path>C:\ti\ccsv7\tools\compiler\ti-cgt-arm_16.9.3.LTS\lib\</path>
         <kind>archive</kind>
         <file>rtsv7M4_T_le_v4SPD16_eabi.lib</file>
         <name>cpy_tbl.obj</name>
      </input_file>
      <input_file id="fl-d7">
         <path>C:\ti\ccsv7\tools\compiler\ti-cgt-arm_16.9.3.LTS\lib\</path>
         <kind>archive</kind>
         <file>rtsv7M4_T_le_v4SPD16_eabi.lib</file>
         <name>i_div0.obj</name>
      </input_file>
      <input_file id="fl-d8">
         <path>C:\ti\ccsv7\tools\compiler\ti-cgt-arm_16.9.3.LTS\lib\</path>
         <kind>archive</kind>
         <file>rtsv7M4_T_le_v4SPD16_eabi.lib</file>
         <name>startup.obj</name>
      </input_file>
      <input_file id="fl-d9">
         <path>C:\ti\TivaWare_C_Series-2.1.4.178\driverlib\ccs\Debug\</path>
         <kind>archive</kind>
         <file>driverlib.lib</file>
         <name>gpio.obj</name>
      </input_file>
      <input_file id="fl-da">
         <path>C:\ti\TivaWare_C_Series-2.1.4.178\driverlib\ccs\Debug\</path>
         <kind>archive</kind>
         <file>driverlib.lib</file>
         <name>interrupt.obj</name>
      </input_file>
      <input_file id="fl-db">
         <path>C:\ti\TivaWare_C_Series-2.1.4.178\driverlib\ccs\Debug\</path>
         <kind>archive</kind>
         <file>driverlib.lib</file>
         <name>sysctl.obj</name>
      </input_file>
      <input_file id="fl-dc">
         <path>C:\ti\TivaWare_C_Series-2.1.4.178\driverlib\ccs\Debug\</path>
         <kind>archive</kind>
         <file>driverlib.lib</file>
         <name>uart.obj</name>
      </input_file>
      <input_file id="fl-dd">
         <path>C:\ti\TivaWare_C_Series-2.1.4.178\driverlib\ccs\Debug\</path>
         <kind>archive</kind>
         <file>driverlib.lib</file>
         <name>cpu.obj</name>
      </input_file>
   </input_file_list>
   <object_component_list>
      <object_component id="oc-f">
         <name>.intvecs</name>
         <load_address>0x0</load_address>
         <run_address>0x0</run_address>
         <size>0x26c</size>
         <input_file_ref idref="fl-c"/>
      </object_component>
      <object_component id="oc-8b">
         <name>.text</name>
         <load_address>0x26c</load_address>
         <run_address>0x26c</run_address>
         <size>0x1868</size>
         <input_file_ref idref="fl-a"/>
      </object_component>
      <object_component id="oc-eb">
         <name>.text</name>
         <load_address>0x1ad4</load_address>
         <run_address>0x1ad4</run_address>
         <size>0x1cc</size>
         <input_file_ref idref="fl-4"/>
      </object_component>
      <object_component id="oc-36">
         <name>.text</name>
         <load_address>0x1ca0</load_address>
         <run_address>0x1ca0</run_address>
         <size>0x13c</size>
         <input_file_ref idref="fl-7"/>
      </object_component>
      <object_component id="oc-f1">
         <name>.text</name>
         <load_address>0x1ddc</load_address>
         <run_address>0x1ddc</run_address>
         <size>0x12a</size>
         <input_file_ref idref="fl-5"/>
      </object_component>
      <object_component id="oc-62">
         <name>.text</name>
         <load_address>0x1f06</load_address>
         <run_address>0x1f06</run_address>
         <size>0x2</size>
         <input_file_ref idref="fl-cf"/>
      </object_component>
      <object_component id="oc-132">
         <name>.text:SysCtlClockSet</name>
         <load_address>0x1f08</load_address>
         <run_address>0x1f08</run_address>
         <size>0xf4</size>
         <input_file_ref idref="fl-db"/>
      </object_component>
      <object_component id="oc-31">
         <name>.text</name>
         <load_address>0x1ffc</load_address>
         <run_address>0x1ffc</run_address>
         <size>0xda</size>
         <input_file_ref idref="fl-8"/>
      </object_component>
      <object_component id="oc-4a">
         <name>.text</name>
         <load_address>0x20d6</load_address>
         <run_address>0x20d6</run_address>
         <size>0x9c</size>
         <input_file_ref idref="fl-cd"/>
      </object_component>
      <object_component id="oc-56">
         <name>.text</name>
         <load_address>0x2172</load_address>
         <run_address>0x2172</run_address>
         <size>0x7a</size>
         <input_file_ref idref="fl-ce"/>
      </object_component>
      <object_component id="oc-6e">
         <name>.text</name>
         <load_address>0x21ec</load_address>
         <run_address>0x21ec</run_address>
         <size>0x70</size>
         <input_file_ref idref="fl-d5"/>
      </object_component>
      <object_component id="oc-12">
         <name>.text:decompress:lzss</name>
         <load_address>0x225c</load_address>
         <run_address>0x225c</run_address>
         <size>0x68</size>
         <input_file_ref idref="fl-c9"/>
      </object_component>
      <object_component id="oc-24">
         <name>.text</name>
         <load_address>0x22c4</load_address>
         <run_address>0x22c4</run_address>
         <size>0x54</size>
         <input_file_ref idref="fl-c8"/>
      </object_component>
      <object_component id="oc-7a">
         <name>.text</name>
         <load_address>0x2318</load_address>
         <run_address>0x2318</run_address>
         <size>0x54</size>
         <input_file_ref idref="fl-cc"/>
      </object_component>
      <object_component id="oc-c0">
         <name>.text</name>
         <load_address>0x236c</load_address>
         <run_address>0x236c</run_address>
         <size>0x4c</size>
         <input_file_ref idref="fl-d6"/>
      </object_component>
      <object_component id="oc-74">
         <name>.text</name>
         <load_address>0x23b8</load_address>
         <run_address>0x23b8</run_address>
         <size>0x18</size>
         <input_file_ref idref="fl-d4"/>
      </object_component>
      <object_component id="oc-ce">
         <name>.text</name>
         <load_address>0x23d0</load_address>
         <run_address>0x23d0</run_address>
         <size>0x14</size>
         <input_file_ref idref="fl-6"/>
      </object_component>
      <object_component id="oc-142">
         <name>.text</name>
         <load_address>0x23e4</load_address>
         <run_address>0x23e4</run_address>
         <size>0x14</size>
         <input_file_ref idref="fl-d3"/>
      </object_component>
      <object_component id="oc-18">
         <name>.text:decompress:none</name>
         <load_address>0x23f8</load_address>
         <run_address>0x23f8</run_address>
         <size>0xe</size>
         <input_file_ref idref="fl-ca"/>
      </object_component>
      <object_component id="oc-1e">
         <name>.text:decompress:ZI</name>
         <load_address>0x2406</load_address>
         <run_address>0x2406</run_address>
         <size>0xc</size>
         <input_file_ref idref="fl-cb"/>
      </object_component>
      <object_component id="oc-2b">
         <name>.text</name>
         <load_address>0x2412</load_address>
         <run_address>0x2412</run_address>
         <size>0xc</size>
         <input_file_ref idref="fl-c"/>
      </object_component>
      <object_component id="oc-197">
         <name>.text:SysCtlDelay</name>
         <load_address>0x241e</load_address>
         <run_address>0x241e</run_address>
         <size>0x6</size>
         <input_file_ref idref="fl-db"/>
      </object_component>
      <object_component id="oc-68">
         <name>.text</name>
         <load_address>0x2424</load_address>
         <run_address>0x2424</run_address>
         <size>0x4</size>
         <input_file_ref idref="fl-d0"/>
      </object_component>
      <object_component id="oc-c6">
         <name>.text</name>
         <load_address>0x2428</load_address>
         <run_address>0x2428</run_address>
         <size>0x2</size>
         <input_file_ref idref="fl-d8"/>
      </object_component>
      <object_component id="oc-88">
         <name>.const</name>
         <load_address>0x242c</load_address>
         <run_address>0x242c</run_address>
         <size>0x4</size>
         <input_file_ref idref="fl-7"/>
      </object_component>
      <object_component id="oc-167">
         <name>.const</name>
         <load_address>0x2430</load_address>
         <run_address>0x2430</run_address>
         <size>0x2</size>
         <input_file_ref idref="fl-4"/>
      </object_component>
      <object_component id="oc-1d6">
         <name>.cinit..data.load</name>
         <load_address>0x2438</load_address>
         <run_address>0x2438</run_address>
         <size>0x19</size>
      </object_component>
      <object_component id="oc-1d4">
         <name>__TI_handler_table</name>
         <load_address>0x2454</load_address>
         <run_address>0x2454</run_address>
         <size>0xc</size>
      </object_component>
      <object_component id="oc-1d7">
         <name>.cinit..bss.load</name>
         <load_address>0x2460</load_address>
         <run_address>0x2460</run_address>
         <size>0x8</size>
      </object_component>
      <object_component id="oc-1d5">
         <name>__TI_cinit_table</name>
         <load_address>0x2468</load_address>
         <run_address>0x2468</run_address>
         <size>0x10</size>
      </object_component>
      <object_component id="oc-164">
         <name>.data</name>
         <load_address>0x20007934</load_address>
         <run_address>0x20007934</run_address>
         <size>0x8</size>
         <input_file_ref idref="fl-4"/>
      </object_component>
      <object_component id="oc-92">
         <name>.data</name>
         <load_address>0x2000793c</load_address>
         <run_address>0x2000793c</run_address>
         <size>0x4</size>
         <input_file_ref idref="fl-7"/>
      </object_component>
      <object_component id="oc-85">
         <name>.data</name>
         <load_address>0x200078ec</load_address>
         <run_address>0x200078ec</run_address>
         <size>0x34</size>
         <input_file_ref idref="fl-a"/>
      </object_component>
      <object_component id="oc-d6">
         <name>.data:$O1$$</name>
         <load_address>0x20007920</load_address>
         <run_address>0x20007920</run_address>
         <size>0xc</size>
         <input_file_ref idref="fl-cc"/>
      </object_component>
      <object_component id="oc-80">
         <name>.data</name>
         <load_address>0x20007940</load_address>
         <run_address>0x20007940</run_address>
         <size>0x4</size>
         <input_file_ref idref="fl-d1"/>
      </object_component>
      <object_component id="oc-d9">
         <name>.data:$O1$$</name>
         <load_address>0x2000792c</load_address>
         <run_address>0x2000792c</run_address>
         <size>0x8</size>
         <input_file_ref idref="fl-d3"/>
      </object_component>
      <object_component id="oc-170">
         <name>.bss:ucHeap</name>
         <uninitialized>true</uninitialized>
         <run_address>0x20000000</run_address>
         <size>0x7530</size>
         <input_file_ref idref="fl-4"/>
      </object_component>
      <object_component id="oc-16a">
         <name>.bss:xStart</name>
         <uninitialized>true</uninitialized>
         <run_address>0x200076e4</run_address>
         <size>0x8</size>
         <input_file_ref idref="fl-4"/>
      </object_component>
      <object_component id="oc-16d">
         <name>.bss:xEnd</name>
         <uninitialized>true</uninitialized>
         <run_address>0x200076dc</run_address>
         <size>0x8</size>
         <input_file_ref idref="fl-4"/>
      </object_component>
      <object_component id="oc-f7">
         <name>.bss:pxReadyTasksLists</name>
         <uninitialized>true</uninitialized>
         <run_address>0x20007530</run_address>
         <size>0x140</size>
         <input_file_ref idref="fl-a"/>
      </object_component>
      <object_component id="oc-106">
         <name>.bss:xDelayedTaskList1</name>
         <uninitialized>true</uninitialized>
         <run_address>0x20007670</run_address>
         <size>0x14</size>
         <input_file_ref idref="fl-a"/>
      </object_component>
      <object_component id="oc-109">
         <name>.bss:xDelayedTaskList2</name>
         <uninitialized>true</uninitialized>
         <run_address>0x20007684</run_address>
         <size>0x14</size>
         <input_file_ref idref="fl-a"/>
      </object_component>
      <object_component id="oc-fd">
         <name>.bss</name>
         <uninitialized>true</uninitialized>
         <run_address>0x200076d4</run_address>
         <size>0x8</size>
         <input_file_ref idref="fl-a"/>
      </object_component>
      <object_component id="oc-103">
         <name>.bss:xPendingReadyList</name>
         <uninitialized>true</uninitialized>
         <run_address>0x20007698</run_address>
         <size>0x14</size>
         <input_file_ref idref="fl-a"/>
      </object_component>
      <object_component id="oc-fa">
         <name>.bss:xTasksWaitingTermination</name>
         <uninitialized>true</uninitialized>
         <run_address>0x200076c0</run_address>
         <size>0x14</size>
         <input_file_ref idref="fl-a"/>
      </object_component>
      <object_component id="oc-100">
         <name>.bss:xSuspendedTaskList</name>
         <uninitialized>true</uninitialized>
         <run_address>0x200076ac</run_address>
         <size>0x14</size>
         <input_file_ref idref="fl-a"/>
      </object_component>
      <object_component id="oc-2a">
         <name>.stack</name>
         <uninitialized>true</uninitialized>
         <run_address>0x200076ec</run_address>
         <size>0x0</size>
         <input_file_ref idref="fl-c8"/>
      </object_component>
      <object_component id="oc-1d8">
         <name>.stack</name>
         <uninitialized>true</uninitialized>
         <run_address>0x200076ec</run_address>
         <size>0x0</size>
      </object_component>
      <object_component id="oc-45">
         <name>.debug_info</name>
         <load_address>0x0</load_address>
         <run_address>0x0</run_address>
         <size>0x84</size>
         <input_file_ref idref="fl-2"/>
      </object_component>
      <object_component id="oc-a3">
         <name>.debug_info</name>
         <load_address>0x84</load_address>
         <run_address>0x84</run_address>
         <size>0x18b</size>
         <input_file_ref idref="fl-2"/>
      </object_component>
      <object_component id="oc-120">
         <name>.debug_info</name>
         <load_address>0x20f</load_address>
         <run_address>0x20f</run_address>
         <size>0x3e8</size>
         <input_file_ref idref="fl-4"/>
      </object_component>
      <object_component id="oc-171">
         <name>.debug_info</name>
         <load_address>0x5f7</load_address>
         <run_address>0x5f7</run_address>
         <size>0xd6</size>
         <input_file_ref idref="fl-4"/>
      </object_component>
      <object_component id="oc-168">
         <name>.debug_info</name>
         <load_address>0x6cd</load_address>
         <run_address>0x6cd</run_address>
         <size>0xe8</size>
         <input_file_ref idref="fl-4"/>
      </object_component>
      <object_component id="oc-16b">
         <name>.debug_info</name>
         <load_address>0x7b5</load_address>
         <run_address>0x7b5</run_address>
         <size>0xd6</size>
         <input_file_ref idref="fl-4"/>
      </object_component>
      <object_component id="oc-16e">
         <name>.debug_info</name>
         <load_address>0x88b</load_address>
         <run_address>0x88b</run_address>
         <size>0xd2</size>
         <input_file_ref idref="fl-4"/>
      </object_component>
      <object_component id="oc-165">
         <name>.debug_info</name>
         <load_address>0x95d</load_address>
         <run_address>0x95d</run_address>
         <size>0xf0</size>
         <input_file_ref idref="fl-4"/>
      </object_component>
      <object_component id="oc-ec">
         <name>.debug_info</name>
         <load_address>0xa4d</load_address>
         <run_address>0xa4d</run_address>
         <size>0x4f8</size>
         <input_file_ref idref="fl-4"/>
      </object_component>
      <object_component id="oc-e4">
         <name>.debug_info</name>
         <load_address>0xf45</load_address>
         <run_address>0xf45</run_address>
         <size>0x30c</size>
         <input_file_ref idref="fl-4"/>
      </object_component>
      <object_component id="oc-155">
         <name>.debug_info</name>
         <load_address>0x1251</load_address>
         <run_address>0x1251</run_address>
         <size>0x110</size>
         <input_file_ref idref="fl-4"/>
      </object_component>
      <object_component id="oc-15f">
         <name>.debug_info</name>
         <load_address>0x1361</load_address>
         <run_address>0x1361</run_address>
         <size>0x44c</size>
         <input_file_ref idref="fl-4"/>
      </object_component>
      <object_component id="oc-186">
         <name>.debug_info</name>
         <load_address>0x17ad</load_address>
         <run_address>0x17ad</run_address>
         <size>0x62</size>
         <input_file_ref idref="fl-4"/>
      </object_component>
      <object_component id="oc-97">
         <name>.debug_info</name>
         <load_address>0x180f</load_address>
         <run_address>0x180f</run_address>
         <size>0x2c</size>
         <input_file_ref idref="fl-4"/>
      </object_component>
      <object_component id="oc-9c">
         <name>.debug_info</name>
         <load_address>0x183b</load_address>
         <run_address>0x183b</run_address>
         <size>0x53</size>
         <input_file_ref idref="fl-4"/>
      </object_component>
      <object_component id="oc-116">
         <name>.debug_info</name>
         <load_address>0x188e</load_address>
         <run_address>0x188e</run_address>
         <size>0x14c</size>
         <input_file_ref idref="fl-4"/>
      </object_component>
      <object_component id="oc-175">
         <name>.debug_info</name>
         <load_address>0x19da</load_address>
         <run_address>0x19da</run_address>
         <size>0x350</size>
         <input_file_ref idref="fl-5"/>
      </object_component>
      <object_component id="oc-f2">
         <name>.debug_info</name>
         <load_address>0x1d2a</load_address>
         <run_address>0x1d2a</run_address>
         <size>0x44e</size>
         <input_file_ref idref="fl-5"/>
      </object_component>
      <object_component id="oc-d1">
         <name>.debug_info</name>
         <load_address>0x2178</load_address>
         <run_address>0x2178</run_address>
         <size>0x12e</size>
         <input_file_ref idref="fl-6"/>
      </object_component>
      <object_component id="oc-96">
         <name>.debug_info</name>
         <load_address>0x22a6</load_address>
         <run_address>0x22a6</run_address>
         <size>0x410</size>
         <input_file_ref idref="fl-7"/>
      </object_component>
      <object_component id="oc-89">
         <name>.debug_info</name>
         <load_address>0x26b6</load_address>
         <run_address>0x26b6</run_address>
         <size>0x103</size>
         <input_file_ref idref="fl-7"/>
      </object_component>
      <object_component id="oc-93">
         <name>.debug_info</name>
         <load_address>0x27b9</load_address>
         <run_address>0x27b9</run_address>
         <size>0xea</size>
         <input_file_ref idref="fl-7"/>
      </object_component>
      <object_component id="oc-37">
         <name>.debug_info</name>
         <load_address>0x28a3</load_address>
         <run_address>0x28a3</run_address>
         <size>0x4aa</size>
         <input_file_ref idref="fl-7"/>
      </object_component>
      <object_component id="oc-11b">
         <name>.debug_info</name>
         <load_address>0x2d4d</load_address>
         <run_address>0x2d4d</run_address>
         <size>0x44c</size>
         <input_file_ref idref="fl-7"/>
      </object_component>
      <object_component id="oc-111">
         <name>.debug_info</name>
         <load_address>0x3199</load_address>
         <run_address>0x3199</run_address>
         <size>0x46</size>
         <input_file_ref idref="fl-7"/>
      </object_component>
      <object_component id="oc-33">
         <name>.debug_info</name>
         <load_address>0x31df</load_address>
         <run_address>0x31df</run_address>
         <size>0x23b</size>
         <input_file_ref idref="fl-8"/>
      </object_component>
      <object_component id="oc-e3">
         <name>.debug_info</name>
         <load_address>0x341a</load_address>
         <run_address>0x341a</run_address>
         <size>0x774</size>
         <input_file_ref idref="fl-a"/>
      </object_component>
      <object_component id="oc-86">
         <name>.debug_info</name>
         <load_address>0x3b8e</load_address>
         <run_address>0x3b8e</run_address>
         <size>0x345</size>
         <input_file_ref idref="fl-a"/>
      </object_component>
      <object_component id="oc-f8">
         <name>.debug_info</name>
         <load_address>0x3ed3</load_address>
         <run_address>0x3ed3</run_address>
         <size>0xec</size>
         <input_file_ref idref="fl-a"/>
      </object_component>
      <object_component id="oc-107">
         <name>.debug_info</name>
         <load_address>0x3fbf</load_address>
         <run_address>0x3fbf</run_address>
         <size>0xec</size>
         <input_file_ref idref="fl-a"/>
      </object_component>
      <object_component id="oc-10a">
         <name>.debug_info</name>
         <load_address>0x40ab</load_address>
         <run_address>0x40ab</run_address>
         <size>0xec</size>
         <input_file_ref idref="fl-a"/>
      </object_component>
      <object_component id="oc-fe">
         <name>.debug_info</name>
         <load_address>0x4197</load_address>
         <run_address>0x4197</run_address>
         <size>0x12f</size>
         <input_file_ref idref="fl-a"/>
      </object_component>
      <object_component id="oc-104">
         <name>.debug_info</name>
         <load_address>0x42c6</load_address>
         <run_address>0x42c6</run_address>
         <size>0xec</size>
         <input_file_ref idref="fl-a"/>
      </object_component>
      <object_component id="oc-fb">
         <name>.debug_info</name>
         <load_address>0x43b2</load_address>
         <run_address>0x43b2</run_address>
         <size>0xfa</size>
         <input_file_ref idref="fl-a"/>
      </object_component>
      <object_component id="oc-101">
         <name>.debug_info</name>
         <load_address>0x44ac</load_address>
         <run_address>0x44ac</run_address>
         <size>0xee</size>
         <input_file_ref idref="fl-a"/>
      </object_component>
      <object_component id="oc-8f">
         <name>.debug_info</name>
         <load_address>0x459a</load_address>
         <run_address>0x459a</run_address>
         <size>0x43c9</size>
         <input_file_ref idref="fl-a"/>
      </object_component>
      <object_component id="oc-150">
         <name>.debug_info</name>
         <load_address>0x8963</load_address>
         <run_address>0x8963</run_address>
         <size>0x46</size>
         <input_file_ref idref="fl-a"/>
      </object_component>
      <object_component id="oc-15a">
         <name>.debug_info</name>
         <load_address>0x89a9</load_address>
         <run_address>0x89a9</run_address>
         <size>0x146</size>
         <input_file_ref idref="fl-a"/>
      </object_component>
      <object_component id="oc-3e">
         <name>.debug_info</name>
         <load_address>0x8aef</load_address>
         <run_address>0x8aef</run_address>
         <size>0x324</size>
         <input_file_ref idref="fl-c"/>
      </object_component>
      <object_component id="oc-10">
         <name>.debug_info</name>
         <load_address>0x8e13</load_address>
         <run_address>0x8e13</run_address>
         <size>0xf5</size>
         <input_file_ref idref="fl-c"/>
      </object_component>
      <object_component id="oc-2e">
         <name>.debug_info</name>
         <load_address>0x8f08</load_address>
         <run_address>0x8f08</run_address>
         <size>0x271</size>
         <input_file_ref idref="fl-c"/>
      </object_component>
      <object_component id="oc-1b0">
         <name>.debug_info</name>
         <load_address>0x9179</load_address>
         <run_address>0x9179</run_address>
         <size>0x8b</size>
         <input_file_ref idref="fl-d"/>
      </object_component>
      <object_component id="oc-25">
         <name>.debug_info</name>
         <load_address>0x9204</load_address>
         <run_address>0x9204</run_address>
         <size>0x160</size>
         <input_file_ref idref="fl-c8"/>
      </object_component>
      <object_component id="oc-ad">
         <name>.debug_info</name>
         <load_address>0x9364</load_address>
         <run_address>0x9364</run_address>
         <size>0x293</size>
         <input_file_ref idref="fl-c9"/>
      </object_component>
      <object_component id="oc-13">
         <name>.debug_info</name>
         <load_address>0x95f7</load_address>
         <run_address>0x95f7</run_address>
         <size>0x245</size>
         <input_file_ref idref="fl-c9"/>
      </object_component>
      <object_component id="oc-40">
         <name>.debug_info</name>
         <load_address>0x983c</load_address>
         <run_address>0x983c</run_address>
         <size>0x60</size>
         <input_file_ref idref="fl-c9"/>
      </object_component>
      <object_component id="oc-a8">
         <name>.debug_info</name>
         <load_address>0x989c</load_address>
         <run_address>0x989c</run_address>
         <size>0x46</size>
         <input_file_ref idref="fl-c9"/>
      </object_component>
      <object_component id="oc-55">
         <name>.debug_info</name>
         <load_address>0x98e2</load_address>
         <run_address>0x98e2</run_address>
         <size>0x2da</size>
         <input_file_ref idref="fl-ca"/>
      </object_component>
      <object_component id="oc-1c">
         <name>.debug_info</name>
         <load_address>0x9bbc</load_address>
         <run_address>0x9bbc</run_address>
         <size>0x1df</size>
         <input_file_ref idref="fl-ca"/>
      </object_component>
      <object_component id="oc-50">
         <name>.debug_info</name>
         <load_address>0x9d9b</load_address>
         <run_address>0x9d9b</run_address>
         <size>0x46</size>
         <input_file_ref idref="fl-ca"/>
      </object_component>
      <object_component id="oc-af">
         <name>.debug_info</name>
         <load_address>0x9de1</load_address>
         <run_address>0x9de1</run_address>
         <size>0x2c</size>
         <input_file_ref idref="fl-ca"/>
      </object_component>
      <object_component id="oc-61">
         <name>.debug_info</name>
         <load_address>0x9e0d</load_address>
         <run_address>0x9e0d</run_address>
         <size>0x2c9</size>
         <input_file_ref idref="fl-cb"/>
      </object_component>
      <object_component id="oc-1f">
         <name>.debug_info</name>
         <load_address>0xa0d6</load_address>
         <run_address>0xa0d6</run_address>
         <size>0x1aa</size>
         <input_file_ref idref="fl-cb"/>
      </object_component>
      <object_component id="oc-5c">
         <name>.debug_info</name>
         <load_address>0xa280</load_address>
         <run_address>0xa280</run_address>
         <size>0x46</size>
         <input_file_ref idref="fl-cb"/>
      </object_component>
      <object_component id="oc-b7">
         <name>.debug_info</name>
         <load_address>0xa2c6</load_address>
         <run_address>0xa2c6</run_address>
         <size>0x2c</size>
         <input_file_ref idref="fl-cb"/>
      </object_component>
      <object_component id="oc-dd">
         <name>.debug_info</name>
         <load_address>0xa2f2</load_address>
         <run_address>0xa2f2</run_address>
         <size>0x3ce</size>
         <input_file_ref idref="fl-cc"/>
      </object_component>
      <object_component id="oc-d7">
         <name>.debug_info</name>
         <load_address>0xa6c0</load_address>
         <run_address>0xa6c0</run_address>
         <size>0x185</size>
         <input_file_ref idref="fl-cc"/>
      </object_component>
      <object_component id="oc-7c">
         <name>.debug_info</name>
         <load_address>0xa845</load_address>
         <run_address>0xa845</run_address>
         <size>0x214</size>
         <input_file_ref idref="fl-cc"/>
      </object_component>
      <object_component id="oc-4b">
         <name>.debug_info</name>
         <load_address>0xaa59</load_address>
         <run_address>0xaa59</run_address>
         <size>0x111</size>
         <input_file_ref idref="fl-cd"/>
      </object_component>
      <object_component id="oc-57">
         <name>.debug_info</name>
         <load_address>0xab6a</load_address>
         <run_address>0xab6a</run_address>
         <size>0x13f</size>
         <input_file_ref idref="fl-ce"/>
      </object_component>
      <object_component id="oc-63">
         <name>.debug_info</name>
         <load_address>0xaca9</load_address>
         <run_address>0xaca9</run_address>
         <size>0x138</size>
         <input_file_ref idref="fl-cf"/>
      </object_component>
      <object_component id="oc-6c">
         <name>.debug_info</name>
         <load_address>0xade1</load_address>
         <run_address>0xade1</run_address>
         <size>0x148</size>
         <input_file_ref idref="fl-d0"/>
      </object_component>
      <object_component id="oc-81">
         <name>.debug_info</name>
         <load_address>0xaf29</load_address>
         <run_address>0xaf29</run_address>
         <size>0x109</size>
         <input_file_ref idref="fl-d1"/>
      </object_component>
      <object_component id="oc-14a">
         <name>.debug_info</name>
         <load_address>0xb032</load_address>
         <run_address>0xb032</run_address>
         <size>0x2be</size>
         <input_file_ref idref="fl-d3"/>
      </object_component>
      <object_component id="oc-da">
         <name>.debug_info</name>
         <load_address>0xb2f0</load_address>
         <run_address>0xb2f0</run_address>
         <size>0x113</size>
         <input_file_ref idref="fl-d3"/>
      </object_component>
      <object_component id="oc-143">
         <name>.debug_info</name>
         <load_address>0xb403</load_address>
         <run_address>0xb403</run_address>
         <size>0x21f</size>
         <input_file_ref idref="fl-d3"/>
      </object_component>
      <object_component id="oc-d5">
         <name>.debug_info</name>
         <load_address>0xb622</load_address>
         <run_address>0xb622</run_address>
         <size>0x300</size>
         <input_file_ref idref="fl-d4"/>
      </object_component>
      <object_component id="oc-75">
         <name>.debug_info</name>
         <load_address>0xb922</load_address>
         <run_address>0xb922</run_address>
         <size>0x167</size>
         <input_file_ref idref="fl-d4"/>
      </object_component>
      <object_component id="oc-13b">
         <name>.debug_info</name>
         <load_address>0xba89</load_address>
         <run_address>0xba89</run_address>
         <size>0x5e</size>
         <input_file_ref idref="fl-d4"/>
      </object_component>
      <object_component id="oc-cd">
         <name>.debug_info</name>
         <load_address>0xbae7</load_address>
         <run_address>0xbae7</run_address>
         <size>0x483</size>
         <input_file_ref idref="fl-d5"/>
      </object_component>
      <object_component id="oc-70">
         <name>.debug_info</name>
         <load_address>0xbf6a</load_address>
         <run_address>0xbf6a</run_address>
         <size>0x190</size>
         <input_file_ref idref="fl-d5"/>
      </object_component>
      <object_component id="oc-128">
         <name>.debug_info</name>
         <load_address>0xc0fa</load_address>
         <run_address>0xc0fa</run_address>
         <size>0x39</size>
         <input_file_ref idref="fl-d5"/>
      </object_component>
      <object_component id="oc-192">
         <name>.debug_info</name>
         <load_address>0xc133</load_address>
         <run_address>0xc133</run_address>
         <size>0x39</size>
         <input_file_ref idref="fl-d5"/>
      </object_component>
      <object_component id="oc-12d">
         <name>.debug_info</name>
         <load_address>0xc16c</load_address>
         <run_address>0xc16c</run_address>
         <size>0xcd</size>
         <input_file_ref idref="fl-d5"/>
      </object_component>
      <object_component id="oc-124">
         <name>.debug_info</name>
         <load_address>0xc239</load_address>
         <run_address>0xc239</run_address>
         <size>0x37a</size>
         <input_file_ref idref="fl-d6"/>
      </object_component>
      <object_component id="oc-c1">
         <name>.debug_info</name>
         <load_address>0xc5b3</load_address>
         <run_address>0xc5b3</run_address>
         <size>0x183</size>
         <input_file_ref idref="fl-d6"/>
      </object_component>
      <object_component id="oc-18d">
         <name>.debug_info</name>
         <load_address>0xc736</load_address>
         <run_address>0xc736</run_address>
         <size>0x2c</size>
         <input_file_ref idref="fl-d6"/>
      </object_component>
      <object_component id="oc-ca">
         <name>.debug_info</name>
         <load_address>0xc762</load_address>
         <run_address>0xc762</run_address>
         <size>0x145</size>
         <input_file_ref idref="fl-d8"/>
      </object_component>
      <object_component id="oc-199">
         <name>.debug_info</name>
         <load_address>0xc8a7</load_address>
         <run_address>0xc8a7</run_address>
         <size>0x298</size>
         <input_file_ref idref="fl-db"/>
      </object_component>
      <object_component id="oc-133">
         <name>.debug_info</name>
         <load_address>0xcb3f</load_address>
         <run_address>0xcb3f</run_address>
         <size>0x2db</size>
         <input_file_ref idref="fl-db"/>
      </object_component>
      <object_component id="oc-1ab">
         <name>.debug_info</name>
         <load_address>0xce1a</load_address>
         <run_address>0xce1a</run_address>
         <size>0x5f</size>
         <input_file_ref idref="fl-db"/>
      </object_component>
      <object_component id="oc-1d9">
         <name>.debug_info</name>
         <load_address>0xce79</load_address>
         <run_address>0xce79</run_address>
         <size>0xab</size>
      </object_component>
      <object_component id="oc-48">
         <name>.debug_line</name>
         <load_address>0x0</load_address>
         <run_address>0x0</run_address>
         <size>0x20</size>
         <input_file_ref idref="fl-2"/>
      </object_component>
      <object_component id="oc-a6">
         <name>.debug_line</name>
         <load_address>0x20</load_address>
         <run_address>0x20</run_address>
         <size>0x65</size>
         <input_file_ref idref="fl-2"/>
      </object_component>
      <object_component id="oc-185">
         <name>.debug_line</name>
         <load_address>0x85</load_address>
         <run_address>0x85</run_address>
         <size>0x2d</size>
         <input_file_ref idref="fl-4"/>
      </object_component>
      <object_component id="oc-1a6">
         <name>.debug_line</name>
         <load_address>0xb2</load_address>
         <run_address>0xb2</run_address>
         <size>0x2f</size>
         <input_file_ref idref="fl-4"/>
      </object_component>
      <object_component id="oc-1a0">
         <name>.debug_line</name>
         <load_address>0xe1</load_address>
         <run_address>0xe1</run_address>
         <size>0x2f</size>
         <input_file_ref idref="fl-4"/>
      </object_component>
      <object_component id="oc-1a2">
         <name>.debug_line</name>
         <load_address>0x110</load_address>
         <run_address>0x110</run_address>
         <size>0x2f</size>
         <input_file_ref idref="fl-4"/>
      </object_component>
      <object_component id="oc-1a4">
         <name>.debug_line</name>
         <load_address>0x13f</load_address>
         <run_address>0x13f</run_address>
         <size>0x2f</size>
         <input_file_ref idref="fl-4"/>
      </object_component>
      <object_component id="oc-19e">
         <name>.debug_line</name>
         <load_address>0x16e</load_address>
         <run_address>0x16e</run_address>
         <size>0x2f</size>
         <input_file_ref idref="fl-4"/>
      </object_component>
      <object_component id="oc-ef">
         <name>.debug_line</name>
         <load_address>0x19d</load_address>
         <run_address>0x19d</run_address>
         <size>0x102</size>
         <input_file_ref idref="fl-4"/>
      </object_component>
      <object_component id="oc-e7">
         <name>.debug_line</name>
         <load_address>0x29f</load_address>
         <run_address>0x29f</run_address>
         <size>0x2d</size>
         <input_file_ref idref="fl-4"/>
      </object_component>
      <object_component id="oc-158">
         <name>.debug_line</name>
         <load_address>0x2cc</load_address>
         <run_address>0x2cc</run_address>
         <size>0x65</size>
         <input_file_ref idref="fl-4"/>
      </object_component>
      <object_component id="oc-162">
         <name>.debug_line</name>
         <load_address>0x331</load_address>
         <run_address>0x331</run_address>
         <size>0x31</size>
         <input_file_ref idref="fl-4"/>
      </object_component>
      <object_component id="oc-189">
         <name>.debug_line</name>
         <load_address>0x362</load_address>
         <run_address>0x362</run_address>
         <size>0x2f</size>
         <input_file_ref idref="fl-4"/>
      </object_component>
      <object_component id="oc-9a">
         <name>.debug_line</name>
         <load_address>0x391</load_address>
         <run_address>0x391</run_address>
         <size>0x31</size>
         <input_file_ref idref="fl-4"/>
      </object_component>
      <object_component id="oc-9f">
         <name>.debug_line</name>
         <load_address>0x3c2</load_address>
         <run_address>0x3c2</run_address>
         <size>0x32</size>
         <input_file_ref idref="fl-4"/>
      </object_component>
      <object_component id="oc-119">
         <name>.debug_line</name>
         <load_address>0x3f4</load_address>
         <run_address>0x3f4</run_address>
         <size>0x2d</size>
         <input_file_ref idref="fl-4"/>
      </object_component>
      <object_component id="oc-1a8">
         <name>.debug_line</name>
         <load_address>0x421</load_address>
         <run_address>0x421</run_address>
         <size>0x20</size>
         <input_file_ref idref="fl-5"/>
      </object_component>
      <object_component id="oc-f5">
         <name>.debug_line</name>
         <load_address>0x441</load_address>
         <run_address>0x441</run_address>
         <size>0xe3</size>
         <input_file_ref idref="fl-5"/>
      </object_component>
      <object_component id="oc-cf">
         <name>.debug_line</name>
         <load_address>0x524</load_address>
         <run_address>0x524</run_address>
         <size>0x43</size>
         <input_file_ref idref="fl-6"/>
      </object_component>
      <object_component id="oc-110">
         <name>.debug_line</name>
         <load_address>0x567</load_address>
         <run_address>0x567</run_address>
         <size>0x3a</size>
         <input_file_ref idref="fl-7"/>
      </object_component>
      <object_component id="oc-ea">
         <name>.debug_line</name>
         <load_address>0x5a1</load_address>
         <run_address>0x5a1</run_address>
         <size>0x2d</size>
         <input_file_ref idref="fl-7"/>
      </object_component>
      <object_component id="oc-10e">
         <name>.debug_line</name>
         <load_address>0x5ce</load_address>
         <run_address>0x5ce</run_address>
         <size>0x2d</size>
         <input_file_ref idref="fl-7"/>
      </object_component>
      <object_component id="oc-3a">
         <name>.debug_line</name>
         <load_address>0x5fb</load_address>
         <run_address>0x5fb</run_address>
         <size>0x12f</size>
         <input_file_ref idref="fl-7"/>
      </object_component>
      <object_component id="oc-11e">
         <name>.debug_line</name>
         <load_address>0x72a</load_address>
         <run_address>0x72a</run_address>
         <size>0x31</size>
         <input_file_ref idref="fl-7"/>
      </object_component>
      <object_component id="oc-114">
         <name>.debug_line</name>
         <load_address>0x75b</load_address>
         <run_address>0x75b</run_address>
         <size>0x65</size>
         <input_file_ref idref="fl-7"/>
      </object_component>
      <object_component id="oc-32">
         <name>.debug_line</name>
         <load_address>0x7c0</load_address>
         <run_address>0x7c0</run_address>
         <size>0xc2</size>
         <input_file_ref idref="fl-8"/>
      </object_component>
      <object_component id="oc-14f">
         <name>.debug_line</name>
         <load_address>0x882</load_address>
         <run_address>0x882</run_address>
         <size>0x95</size>
         <input_file_ref idref="fl-a"/>
      </object_component>
      <object_component id="oc-e2">
         <name>.debug_line</name>
         <load_address>0x917</load_address>
         <run_address>0x917</run_address>
         <size>0x2e</size>
         <input_file_ref idref="fl-a"/>
      </object_component>
      <object_component id="oc-177">
         <name>.debug_line</name>
         <load_address>0x945</load_address>
         <run_address>0x945</run_address>
         <size>0x2e</size>
         <input_file_ref idref="fl-a"/>
      </object_component>
      <object_component id="oc-181">
         <name>.debug_line</name>
         <load_address>0x973</load_address>
         <run_address>0x973</run_address>
         <size>0x2e</size>
         <input_file_ref idref="fl-a"/>
      </object_component>
      <object_component id="oc-183">
         <name>.debug_line</name>
         <load_address>0x9a1</load_address>
         <run_address>0x9a1</run_address>
         <size>0x2e</size>
         <input_file_ref idref="fl-a"/>
      </object_component>
      <object_component id="oc-17b">
         <name>.debug_line</name>
         <load_address>0x9cf</load_address>
         <run_address>0x9cf</run_address>
         <size>0x2e</size>
         <input_file_ref idref="fl-a"/>
      </object_component>
      <object_component id="oc-17f">
         <name>.debug_line</name>
         <load_address>0x9fd</load_address>
         <run_address>0x9fd</run_address>
         <size>0x2e</size>
         <input_file_ref idref="fl-a"/>
      </object_component>
      <object_component id="oc-179">
         <name>.debug_line</name>
         <load_address>0xa2b</load_address>
         <run_address>0xa2b</run_address>
         <size>0x2e</size>
         <input_file_ref idref="fl-a"/>
      </object_component>
      <object_component id="oc-17d">
         <name>.debug_line</name>
         <load_address>0xa59</load_address>
         <run_address>0xa59</run_address>
         <size>0x2e</size>
         <input_file_ref idref="fl-a"/>
      </object_component>
      <object_component id="oc-8c">
         <name>.debug_line</name>
         <load_address>0xa87</load_address>
         <run_address>0xa87</run_address>
         <size>0xe61</size>
         <input_file_ref idref="fl-a"/>
      </object_component>
      <object_component id="oc-153">
         <name>.debug_line</name>
         <load_address>0x18e8</load_address>
         <run_address>0x18e8</run_address>
         <size>0x2f</size>
         <input_file_ref idref="fl-a"/>
      </object_component>
      <object_component id="oc-15d">
         <name>.debug_line</name>
         <load_address>0x1917</load_address>
         <run_address>0x1917</run_address>
         <size>0x2e</size>
         <input_file_ref idref="fl-a"/>
      </object_component>
      <object_component id="oc-a2">
         <name>.debug_line</name>
         <load_address>0x1945</load_address>
         <run_address>0x1945</run_address>
         <size>0x41</size>
         <input_file_ref idref="fl-c"/>
      </object_component>
      <object_component id="oc-3d">
         <name>.debug_line</name>
         <load_address>0x1986</load_address>
         <run_address>0x1986</run_address>
         <size>0x41</size>
         <input_file_ref idref="fl-c"/>
      </object_component>
      <object_component id="oc-30">
         <name>.debug_line</name>
         <load_address>0x19c7</load_address>
         <run_address>0x19c7</run_address>
         <size>0xa1</size>
         <input_file_ref idref="fl-c"/>
      </object_component>
      <object_component id="oc-1b3">
         <name>.debug_line</name>
         <load_address>0x1a68</load_address>
         <run_address>0x1a68</run_address>
         <size>0x20</size>
         <input_file_ref idref="fl-d"/>
      </object_component>
      <object_component id="oc-28">
         <name>.debug_line</name>
         <load_address>0x1a88</load_address>
         <run_address>0x1a88</run_address>
         <size>0x53</size>
         <input_file_ref idref="fl-c8"/>
      </object_component>
      <object_component id="oc-122">
         <name>.debug_line</name>
         <load_address>0x1adb</load_address>
         <run_address>0x1adb</run_address>
         <size>0x20</size>
         <input_file_ref idref="fl-c9"/>
      </object_component>
      <object_component id="oc-16">
         <name>.debug_line</name>
         <load_address>0x1afb</load_address>
         <run_address>0x1afb</run_address>
         <size>0xa9</size>
         <input_file_ref idref="fl-c9"/>
      </object_component>
      <object_component id="oc-43">
         <name>.debug_line</name>
         <load_address>0x1ba4</load_address>
         <run_address>0x1ba4</run_address>
         <size>0x3a</size>
         <input_file_ref idref="fl-c9"/>
      </object_component>
      <object_component id="oc-ab">
         <name>.debug_line</name>
         <load_address>0x1bde</load_address>
         <run_address>0x1bde</run_address>
         <size>0x8a</size>
         <input_file_ref idref="fl-c9"/>
      </object_component>
      <object_component id="oc-b5">
         <name>.debug_line</name>
         <load_address>0x1c68</load_address>
         <run_address>0x1c68</run_address>
         <size>0x8a</size>
         <input_file_ref idref="fl-ca"/>
      </object_component>
      <object_component id="oc-1a">
         <name>.debug_line</name>
         <load_address>0x1cf2</load_address>
         <run_address>0x1cf2</run_address>
         <size>0x55</size>
         <input_file_ref idref="fl-ca"/>
      </object_component>
      <object_component id="oc-53">
         <name>.debug_line</name>
         <load_address>0x1d47</load_address>
         <run_address>0x1d47</run_address>
         <size>0x3a</size>
         <input_file_ref idref="fl-ca"/>
      </object_component>
      <object_component id="oc-b2">
         <name>.debug_line</name>
         <load_address>0x1d81</load_address>
         <run_address>0x1d81</run_address>
         <size>0x8a</size>
         <input_file_ref idref="fl-ca"/>
      </object_component>
      <object_component id="oc-bd">
         <name>.debug_line</name>
         <load_address>0x1e0b</load_address>
         <run_address>0x1e0b</run_address>
         <size>0x8a</size>
         <input_file_ref idref="fl-cb"/>
      </object_component>
      <object_component id="oc-22">
         <name>.debug_line</name>
         <load_address>0x1e95</load_address>
         <run_address>0x1e95</run_address>
         <size>0x4f</size>
         <input_file_ref idref="fl-cb"/>
      </object_component>
      <object_component id="oc-5f">
         <name>.debug_line</name>
         <load_address>0x1ee4</load_address>
         <run_address>0x1ee4</run_address>
         <size>0x34</size>
         <input_file_ref idref="fl-cb"/>
      </object_component>
      <object_component id="oc-ba">
         <name>.debug_line</name>
         <load_address>0x1f18</load_address>
         <run_address>0x1f18</run_address>
         <size>0x8a</size>
         <input_file_ref idref="fl-cb"/>
      </object_component>
      <object_component id="oc-14d">
         <name>.debug_line</name>
         <load_address>0x1fa2</load_address>
         <run_address>0x1fa2</run_address>
         <size>0xf2</size>
         <input_file_ref idref="fl-cc"/>
      </object_component>
      <object_component id="oc-141">
         <name>.debug_line</name>
         <load_address>0x2094</load_address>
         <run_address>0x2094</run_address>
         <size>0x2a</size>
         <input_file_ref idref="fl-cc"/>
      </object_component>
      <object_component id="oc-7b">
         <name>.debug_line</name>
         <load_address>0x20be</load_address>
         <run_address>0x20be</run_address>
         <size>0x86</size>
         <input_file_ref idref="fl-cc"/>
      </object_component>
      <object_component id="oc-4e">
         <name>.debug_line</name>
         <load_address>0x2144</load_address>
         <run_address>0x2144</run_address>
         <size>0x88</size>
         <input_file_ref idref="fl-cd"/>
      </object_component>
      <object_component id="oc-5a">
         <name>.debug_line</name>
         <load_address>0x21cc</load_address>
         <run_address>0x21cc</run_address>
         <size>0x79</size>
         <input_file_ref idref="fl-ce"/>
      </object_component>
      <object_component id="oc-66">
         <name>.debug_line</name>
         <load_address>0x2245</load_address>
         <run_address>0x2245</run_address>
         <size>0x3d</size>
         <input_file_ref idref="fl-cf"/>
      </object_component>
      <object_component id="oc-6b">
         <name>.debug_line</name>
         <load_address>0x2282</load_address>
         <run_address>0x2282</run_address>
         <size>0x40</size>
         <input_file_ref idref="fl-d0"/>
      </object_component>
      <object_component id="oc-e0">
         <name>.debug_line</name>
         <load_address>0x22c2</load_address>
         <run_address>0x22c2</run_address>
         <size>0x33</size>
         <input_file_ref idref="fl-d1"/>
      </object_component>
      <object_component id="oc-19c">
         <name>.debug_line</name>
         <load_address>0x22f5</load_address>
         <run_address>0x22f5</run_address>
         <size>0x20</size>
         <input_file_ref idref="fl-d3"/>
      </object_component>
      <object_component id="oc-149">
         <name>.debug_line</name>
         <load_address>0x2315</load_address>
         <run_address>0x2315</run_address>
         <size>0x2b</size>
         <input_file_ref idref="fl-d3"/>
      </object_component>
      <object_component id="oc-146">
         <name>.debug_line</name>
         <load_address>0x2340</load_address>
         <run_address>0x2340</run_address>
         <size>0x68</size>
         <input_file_ref idref="fl-d3"/>
      </object_component>
      <object_component id="oc-13a">
         <name>.debug_line</name>
         <load_address>0x23a8</load_address>
         <run_address>0x23a8</run_address>
         <size>0x2b</size>
         <input_file_ref idref="fl-d4"/>
      </object_component>
      <object_component id="oc-79">
         <name>.debug_line</name>
         <load_address>0x23d3</load_address>
         <run_address>0x23d3</run_address>
         <size>0x4a</size>
         <input_file_ref idref="fl-d4"/>
      </object_component>
      <object_component id="oc-13e">
         <name>.debug_line</name>
         <load_address>0x241d</load_address>
         <run_address>0x241d</run_address>
         <size>0x2b</size>
         <input_file_ref idref="fl-d4"/>
      </object_component>
      <object_component id="oc-127">
         <name>.debug_line</name>
         <load_address>0x2448</load_address>
         <run_address>0x2448</run_address>
         <size>0xa9</size>
         <input_file_ref idref="fl-d5"/>
      </object_component>
      <object_component id="oc-6f">
         <name>.debug_line</name>
         <load_address>0x24f1</load_address>
         <run_address>0x24f1</run_address>
         <size>0x8b</size>
         <input_file_ref idref="fl-d5"/>
      </object_component>
      <object_component id="oc-12b">
         <name>.debug_line</name>
         <load_address>0x257c</load_address>
         <run_address>0x257c</run_address>
         <size>0x2e</size>
         <input_file_ref idref="fl-d5"/>
      </object_component>
      <object_component id="oc-195">
         <name>.debug_line</name>
         <load_address>0x25aa</load_address>
         <run_address>0x25aa</run_address>
         <size>0x8a</size>
         <input_file_ref idref="fl-d5"/>
      </object_component>
      <object_component id="oc-130">
         <name>.debug_line</name>
         <load_address>0x2634</load_address>
         <run_address>0x2634</run_address>
         <size>0x8b</size>
         <input_file_ref idref="fl-d5"/>
      </object_component>
      <object_component id="oc-18c">
         <name>.debug_line</name>
         <load_address>0x26bf</load_address>
         <run_address>0x26bf</run_address>
         <size>0x98</size>
         <input_file_ref idref="fl-d6"/>
      </object_component>
      <object_component id="oc-c5">
         <name>.debug_line</name>
         <load_address>0x2757</load_address>
         <run_address>0x2757</run_address>
         <size>0x68</size>
         <input_file_ref idref="fl-d6"/>
      </object_component>
      <object_component id="oc-190">
         <name>.debug_line</name>
         <load_address>0x27bf</load_address>
         <run_address>0x27bf</run_address>
         <size>0x2e</size>
         <input_file_ref idref="fl-d6"/>
      </object_component>
      <object_component id="oc-c8">
         <name>.debug_line</name>
         <load_address>0x27ed</load_address>
         <run_address>0x27ed</run_address>
         <size>0x3c</size>
         <input_file_ref idref="fl-d8"/>
      </object_component>
      <object_component id="oc-1aa">
         <name>.debug_line</name>
         <load_address>0x2829</load_address>
         <run_address>0x2829</run_address>
         <size>0x13d</size>
         <input_file_ref idref="fl-db"/>
      </object_component>
      <object_component id="oc-136">
         <name>.debug_line</name>
         <load_address>0x2966</load_address>
         <run_address>0x2966</run_address>
         <size>0xee</size>
         <input_file_ref idref="fl-db"/>
      </object_component>
      <object_component id="oc-1ae">
         <name>.debug_line</name>
         <load_address>0x2a54</load_address>
         <run_address>0x2a54</run_address>
         <size>0x7f</size>
         <input_file_ref idref="fl-db"/>
      </object_component>
      <object_component id="oc-47">
         <name>.debug_abbrev</name>
         <load_address>0x0</load_address>
         <run_address>0x0</run_address>
         <size>0x1f</size>
         <input_file_ref idref="fl-2"/>
      </object_component>
      <object_component id="oc-a5">
         <name>.debug_abbrev</name>
         <load_address>0x1f</load_address>
         <run_address>0x1f</run_address>
         <size>0x35</size>
         <input_file_ref idref="fl-2"/>
      </object_component>
      <object_component id="oc-184">
         <name>.debug_abbrev</name>
         <load_address>0x54</load_address>
         <run_address>0x54</run_address>
         <size>0xc6</size>
         <input_file_ref idref="fl-4"/>
      </object_component>
      <object_component id="oc-1a5">
         <name>.debug_abbrev</name>
         <load_address>0x11a</load_address>
         <run_address>0x11a</run_address>
         <size>0x27</size>
         <input_file_ref idref="fl-4"/>
      </object_component>
      <object_component id="oc-19f">
         <name>.debug_abbrev</name>
         <load_address>0x141</load_address>
         <run_address>0x141</run_address>
         <size>0x27</size>
         <input_file_ref idref="fl-4"/>
      </object_component>
      <object_component id="oc-1a1">
         <name>.debug_abbrev</name>
         <load_address>0x168</load_address>
         <run_address>0x168</run_address>
         <size>0x27</size>
         <input_file_ref idref="fl-4"/>
      </object_component>
      <object_component id="oc-1a3">
         <name>.debug_abbrev</name>
         <load_address>0x18f</load_address>
         <run_address>0x18f</run_address>
         <size>0x27</size>
         <input_file_ref idref="fl-4"/>
      </object_component>
      <object_component id="oc-19d">
         <name>.debug_abbrev</name>
         <load_address>0x1b6</load_address>
         <run_address>0x1b6</run_address>
         <size>0x27</size>
         <input_file_ref idref="fl-4"/>
      </object_component>
      <object_component id="oc-173">
         <name>.debug_abbrev</name>
         <load_address>0x1dd</load_address>
         <run_address>0x1dd</run_address>
         <size>0xdf</size>
         <input_file_ref idref="fl-4"/>
      </object_component>
      <object_component id="oc-e6">
         <name>.debug_abbrev</name>
         <load_address>0x2bc</load_address>
         <run_address>0x2bc</run_address>
         <size>0x90</size>
         <input_file_ref idref="fl-4"/>
      </object_component>
      <object_component id="oc-157">
         <name>.debug_abbrev</name>
         <load_address>0x34c</load_address>
         <run_address>0x34c</run_address>
         <size>0x5a</size>
         <input_file_ref idref="fl-4"/>
      </object_component>
      <object_component id="oc-161">
         <name>.debug_abbrev</name>
         <load_address>0x3a6</load_address>
         <run_address>0x3a6</run_address>
         <size>0x70</size>
         <input_file_ref idref="fl-4"/>
      </object_component>
      <object_component id="oc-188">
         <name>.debug_abbrev</name>
         <load_address>0x416</load_address>
         <run_address>0x416</run_address>
         <size>0x4b</size>
         <input_file_ref idref="fl-4"/>
      </object_component>
      <object_component id="oc-99">
         <name>.debug_abbrev</name>
         <load_address>0x461</load_address>
         <run_address>0x461</run_address>
         <size>0x24</size>
         <input_file_ref idref="fl-4"/>
      </object_component>
      <object_component id="oc-9e">
         <name>.debug_abbrev</name>
         <load_address>0x485</load_address>
         <run_address>0x485</run_address>
         <size>0x24</size>
         <input_file_ref idref="fl-4"/>
      </object_component>
      <object_component id="oc-118">
         <name>.debug_abbrev</name>
         <load_address>0x4a9</load_address>
         <run_address>0x4a9</run_address>
         <size>0x61</size>
         <input_file_ref idref="fl-4"/>
      </object_component>
      <object_component id="oc-1a7">
         <name>.debug_abbrev</name>
         <load_address>0x50a</load_address>
         <run_address>0x50a</run_address>
         <size>0x88</size>
         <input_file_ref idref="fl-5"/>
      </object_component>
      <object_component id="oc-174">
         <name>.debug_abbrev</name>
         <load_address>0x592</load_address>
         <run_address>0x592</run_address>
         <size>0x9b</size>
         <input_file_ref idref="fl-5"/>
      </object_component>
      <object_component id="oc-138">
         <name>.debug_abbrev</name>
         <load_address>0x62d</load_address>
         <run_address>0x62d</run_address>
         <size>0x60</size>
         <input_file_ref idref="fl-6"/>
      </object_component>
      <object_component id="oc-10f">
         <name>.debug_abbrev</name>
         <load_address>0x68d</load_address>
         <run_address>0x68d</run_address>
         <size>0xc4</size>
         <input_file_ref idref="fl-7"/>
      </object_component>
      <object_component id="oc-e9">
         <name>.debug_abbrev</name>
         <load_address>0x751</load_address>
         <run_address>0x751</run_address>
         <size>0x29</size>
         <input_file_ref idref="fl-7"/>
      </object_component>
      <object_component id="oc-10d">
         <name>.debug_abbrev</name>
         <load_address>0x77a</load_address>
         <run_address>0x77a</run_address>
         <size>0x27</size>
         <input_file_ref idref="fl-7"/>
      </object_component>
      <object_component id="oc-95">
         <name>.debug_abbrev</name>
         <load_address>0x7a1</load_address>
         <run_address>0x7a1</run_address>
         <size>0x101</size>
         <input_file_ref idref="fl-7"/>
      </object_component>
      <object_component id="oc-11d">
         <name>.debug_abbrev</name>
         <load_address>0x8a2</load_address>
         <run_address>0x8a2</run_address>
         <size>0x70</size>
         <input_file_ref idref="fl-7"/>
      </object_component>
      <object_component id="oc-113">
         <name>.debug_abbrev</name>
         <load_address>0x912</load_address>
         <run_address>0x912</run_address>
         <size>0x24</size>
         <input_file_ref idref="fl-7"/>
      </object_component>
      <object_component id="oc-91">
         <name>.debug_abbrev</name>
         <load_address>0x936</load_address>
         <run_address>0x936</run_address>
         <size>0x75</size>
         <input_file_ref idref="fl-8"/>
      </object_component>
      <object_component id="oc-14e">
         <name>.debug_abbrev</name>
         <load_address>0x9ab</load_address>
         <run_address>0x9ab</run_address>
         <size>0x13b</size>
         <input_file_ref idref="fl-a"/>
      </object_component>
      <object_component id="oc-e1">
         <name>.debug_abbrev</name>
         <load_address>0xae6</load_address>
         <run_address>0xae6</run_address>
         <size>0x3d</size>
         <input_file_ref idref="fl-a"/>
      </object_component>
      <object_component id="oc-176">
         <name>.debug_abbrev</name>
         <load_address>0xb23</load_address>
         <run_address>0xb23</run_address>
         <size>0x27</size>
         <input_file_ref idref="fl-a"/>
      </object_component>
      <object_component id="oc-180">
         <name>.debug_abbrev</name>
         <load_address>0xb4a</load_address>
         <run_address>0xb4a</run_address>
         <size>0x27</size>
         <input_file_ref idref="fl-a"/>
      </object_component>
      <object_component id="oc-182">
         <name>.debug_abbrev</name>
         <load_address>0xb71</load_address>
         <run_address>0xb71</run_address>
         <size>0x27</size>
         <input_file_ref idref="fl-a"/>
      </object_component>
      <object_component id="oc-17a">
         <name>.debug_abbrev</name>
         <load_address>0xb98</load_address>
         <run_address>0xb98</run_address>
         <size>0x27</size>
         <input_file_ref idref="fl-a"/>
      </object_component>
      <object_component id="oc-17e">
         <name>.debug_abbrev</name>
         <load_address>0xbbf</load_address>
         <run_address>0xbbf</run_address>
         <size>0x27</size>
         <input_file_ref idref="fl-a"/>
      </object_component>
      <object_component id="oc-178">
         <name>.debug_abbrev</name>
         <load_address>0xbe6</load_address>
         <run_address>0xbe6</run_address>
         <size>0x27</size>
         <input_file_ref idref="fl-a"/>
      </object_component>
      <object_component id="oc-17c">
         <name>.debug_abbrev</name>
         <load_address>0xc0d</load_address>
         <run_address>0xc0d</run_address>
         <size>0x27</size>
         <input_file_ref idref="fl-a"/>
      </object_component>
      <object_component id="oc-10c">
         <name>.debug_abbrev</name>
         <load_address>0xc34</load_address>
         <run_address>0xc34</run_address>
         <size>0x10c</size>
         <input_file_ref idref="fl-a"/>
      </object_component>
      <object_component id="oc-152">
         <name>.debug_abbrev</name>
         <load_address>0xd40</load_address>
         <run_address>0xd40</run_address>
         <size>0x24</size>
         <input_file_ref idref="fl-a"/>
      </object_component>
      <object_component id="oc-15c">
         <name>.debug_abbrev</name>
         <load_address>0xd64</load_address>
         <run_address>0xd64</run_address>
         <size>0x4b</size>
         <input_file_ref idref="fl-a"/>
      </object_component>
      <object_component id="oc-a1">
         <name>.debug_abbrev</name>
         <load_address>0xdaf</load_address>
         <run_address>0xdaf</run_address>
         <size>0x73</size>
         <input_file_ref idref="fl-c"/>
      </object_component>
      <object_component id="oc-3c">
         <name>.debug_abbrev</name>
         <load_address>0xe22</load_address>
         <run_address>0xe22</run_address>
         <size>0x29</size>
         <input_file_ref idref="fl-c"/>
      </object_component>
      <object_component id="oc-84">
         <name>.debug_abbrev</name>
         <load_address>0xe4b</load_address>
         <run_address>0xe4b</run_address>
         <size>0x79</size>
         <input_file_ref idref="fl-c"/>
      </object_component>
      <object_component id="oc-1b2">
         <name>.debug_abbrev</name>
         <load_address>0xec4</load_address>
         <run_address>0xec4</run_address>
         <size>0x1f</size>
         <input_file_ref idref="fl-d"/>
      </object_component>
      <object_component id="oc-83">
         <name>.debug_abbrev</name>
         <load_address>0xee3</load_address>
         <run_address>0xee3</run_address>
         <size>0x3e</size>
         <input_file_ref idref="fl-c8"/>
      </object_component>
      <object_component id="oc-121">
         <name>.debug_abbrev</name>
         <load_address>0xf21</load_address>
         <run_address>0xf21</run_address>
         <size>0x37</size>
         <input_file_ref idref="fl-c9"/>
      </object_component>
      <object_component id="oc-3f">
         <name>.debug_abbrev</name>
         <load_address>0xf58</load_address>
         <run_address>0xf58</run_address>
         <size>0x6f</size>
         <input_file_ref idref="fl-c9"/>
      </object_component>
      <object_component id="oc-42">
         <name>.debug_abbrev</name>
         <load_address>0xfc7</load_address>
         <run_address>0xfc7</run_address>
         <size>0x24</size>
         <input_file_ref idref="fl-c9"/>
      </object_component>
      <object_component id="oc-aa">
         <name>.debug_abbrev</name>
         <load_address>0xfeb</load_address>
         <run_address>0xfeb</run_address>
         <size>0x35</size>
         <input_file_ref idref="fl-c9"/>
      </object_component>
      <object_component id="oc-b4">
         <name>.debug_abbrev</name>
         <load_address>0x1020</load_address>
         <run_address>0x1020</run_address>
         <size>0x5d</size>
         <input_file_ref idref="fl-ca"/>
      </object_component>
      <object_component id="oc-4f">
         <name>.debug_abbrev</name>
         <load_address>0x107d</load_address>
         <run_address>0x107d</run_address>
         <size>0x74</size>
         <input_file_ref idref="fl-ca"/>
      </object_component>
      <object_component id="oc-52">
         <name>.debug_abbrev</name>
         <load_address>0x10f1</load_address>
         <run_address>0x10f1</run_address>
         <size>0x24</size>
         <input_file_ref idref="fl-ca"/>
      </object_component>
      <object_component id="oc-b1">
         <name>.debug_abbrev</name>
         <load_address>0x1115</load_address>
         <run_address>0x1115</run_address>
         <size>0x24</size>
         <input_file_ref idref="fl-ca"/>
      </object_component>
      <object_component id="oc-bc">
         <name>.debug_abbrev</name>
         <load_address>0x1139</load_address>
         <run_address>0x1139</run_address>
         <size>0x5d</size>
         <input_file_ref idref="fl-cb"/>
      </object_component>
      <object_component id="oc-5b">
         <name>.debug_abbrev</name>
         <load_address>0x1196</load_address>
         <run_address>0x1196</run_address>
         <size>0x74</size>
         <input_file_ref idref="fl-cb"/>
      </object_component>
      <object_component id="oc-5e">
         <name>.debug_abbrev</name>
         <load_address>0x120a</load_address>
         <run_address>0x120a</run_address>
         <size>0x24</size>
         <input_file_ref idref="fl-cb"/>
      </object_component>
      <object_component id="oc-b9">
         <name>.debug_abbrev</name>
         <load_address>0x122e</load_address>
         <run_address>0x122e</run_address>
         <size>0x24</size>
         <input_file_ref idref="fl-cb"/>
      </object_component>
      <object_component id="oc-14c">
         <name>.debug_abbrev</name>
         <load_address>0x1252</load_address>
         <run_address>0x1252</run_address>
         <size>0xb3</size>
         <input_file_ref idref="fl-cc"/>
      </object_component>
      <object_component id="oc-140">
         <name>.debug_abbrev</name>
         <load_address>0x1305</load_address>
         <run_address>0x1305</run_address>
         <size>0x29</size>
         <input_file_ref idref="fl-cc"/>
      </object_component>
      <object_component id="oc-dc">
         <name>.debug_abbrev</name>
         <load_address>0x132e</load_address>
         <run_address>0x132e</run_address>
         <size>0xba</size>
         <input_file_ref idref="fl-cc"/>
      </object_component>
      <object_component id="oc-ae">
         <name>.debug_abbrev</name>
         <load_address>0x13e8</load_address>
         <run_address>0x13e8</run_address>
         <size>0x3e</size>
         <input_file_ref idref="fl-cd"/>
      </object_component>
      <object_component id="oc-b6">
         <name>.debug_abbrev</name>
         <load_address>0x1426</load_address>
         <run_address>0x1426</run_address>
         <size>0x4f</size>
         <input_file_ref idref="fl-ce"/>
      </object_component>
      <object_component id="oc-be">
         <name>.debug_abbrev</name>
         <load_address>0x1475</load_address>
         <run_address>0x1475</run_address>
         <size>0x53</size>
         <input_file_ref idref="fl-cf"/>
      </object_component>
      <object_component id="oc-bf">
         <name>.debug_abbrev</name>
         <load_address>0x14c8</load_address>
         <run_address>0x14c8</run_address>
         <size>0x55</size>
         <input_file_ref idref="fl-d0"/>
      </object_component>
      <object_component id="oc-df">
         <name>.debug_abbrev</name>
         <load_address>0x151d</load_address>
         <run_address>0x151d</run_address>
         <size>0x27</size>
         <input_file_ref idref="fl-d1"/>
      </object_component>
      <object_component id="oc-19b">
         <name>.debug_abbrev</name>
         <load_address>0x1544</load_address>
         <run_address>0x1544</run_address>
         <size>0x50</size>
         <input_file_ref idref="fl-d3"/>
      </object_component>
      <object_component id="oc-148">
         <name>.debug_abbrev</name>
         <load_address>0x1594</load_address>
         <run_address>0x1594</run_address>
         <size>0x29</size>
         <input_file_ref idref="fl-d3"/>
      </object_component>
      <object_component id="oc-19a">
         <name>.debug_abbrev</name>
         <load_address>0x15bd</load_address>
         <run_address>0x15bd</run_address>
         <size>0x6f</size>
         <input_file_ref idref="fl-d3"/>
      </object_component>
      <object_component id="oc-139">
         <name>.debug_abbrev</name>
         <load_address>0x162c</load_address>
         <run_address>0x162c</run_address>
         <size>0x99</size>
         <input_file_ref idref="fl-d4"/>
      </object_component>
      <object_component id="oc-d4">
[...]
         <name>__TI_decompress_none</name>
      </handler>
      <handler>
         <index>0x2</index>
         <name>__TI_zero_init</name>
      </handler>
   </handler_table>
   <symbol_table>
      <symbol id="sm-1">
         <name>__STACK_TOP</name>
         <value>0x200078ec</value>
      </symbol>
      <symbol id="sm-2">
         <name>__TI_CINIT_Base</name>
         <value>0x2468</value>
      </symbol>
      <symbol id="sm-3">
         <name>__TI_CINIT_Limit</name>
         <value>0x2478</value>
      </symbol>
      <symbol id="sm-4">
         <name>__TI_Handler_Table_Base</name>
         <value>0x2454</value>
      </symbol>
      <symbol id="sm-5">
         <name>__TI_Handler_Table_Limit</name>
         <value>0x2460</value>
      </symbol>
      <symbol id="sm-6">
         <name>binit</name>
         <value>0xffffffff</value>
      </symbol>
      <symbol id="sm-7">
         <name>__binit__</name>
         <value>0xffffffff</value>
      </symbol>
      <symbol id="sm-8">
         <name>__STACK_SIZE</name>
         <value>0x200</value>
      </symbol>
      <symbol id="sm-9">
         <name>__STACK_END</name>
         <value>0x200078ec</value>
      </symbol>
      <symbol id="sm-a">
         <name>__c_args__</name>
         <value>0xffffffff</value>
      </symbol>
      <symbol id="sm-b">
         <name>__TI_pprof_out_hndl</name>
         <value>0xffffffff</value>
      </symbol>
      <symbol id="sm-c">
         <name>__TI_prof_data_start</name>
         <value>0xffffffff</value>
      </symbol>
      <symbol id="sm-d">
         <name>__TI_prof_data_size</name>
         <value>0xffffffff</value>
      </symbol>
      <symbol id="sm-9a">
         <name>vPortInitialiseBlocks</name>
         <value>0x1c43</value>
         <object_component_ref idref="oc-eb"/>
      </symbol>
      <symbol id="sm-9b">
         <name>xPortGetFreeHeapSize</name>
         <value>0x1c3d</value>
         <object_component_ref idref="oc-eb"/>
      </symbol>
      <symbol id="sm-9c">
         <name>pvPortMalloc</name>
         <value>0x1ad5</value>
         <object_component_ref idref="oc-eb"/>
      </symbol>
      <symbol id="sm-9d">
         <name>vPortFree</name>
         <value>0x1bdb</value>
         <object_component_ref idref="oc-eb"/>
      </symbol>
      <symbol id="sm-b3">
         <name>uxListRemove</name>
         <value>0x1ebf</value>
         <object_component_ref idref="oc-f1"/>
      </symbol>
      <symbol id="sm-b4">
         <name>vListInsert</name>
         <value>0x1e59</value>
         <object_component_ref idref="oc-f1"/>
      </symbol>
      <symbol id="sm-b5">
         <name>vListInitialiseItem</name>
         <value>0x1e0d</value>
         <object_component_ref idref="oc-f1"/>
      </symbol>
      <symbol id="sm-b6">
         <name>vListInsertEnd</name>
         <value>0x1e1d</value>
         <object_component_ref idref="oc-f1"/>
      </symbol>
      <symbol id="sm-b7">
         <name>vListInitialise</name>
         <value>0x1ddd</value>
         <object_component_ref idref="oc-f1"/>
      </symbol>
      <symbol id="sm-c3">
         <name>main</name>
         <value>0x23d1</value>
         <object_component_ref idref="oc-ce"/>
      </symbol>
      <symbol id="sm-fd">
         <name>ulMaxSyscallInterruptPriority</name>
         <value>0x242c</value>
         <object_component_ref idref="oc-88"/>
      </symbol>
      <symbol id="sm-fe">
         <name>vPortSetupTimerInterrupt</name>
         <value>0x1d9f</value>
         <object_component_ref idref="oc-36"/>
      </symbol>
      <symbol id="sm-ff">
         <name>vPortEndScheduler</name>
         <value>0x1d41</value>
         <object_component_ref idref="oc-36"/>
      </symbol>
      <symbol id="sm-100">
         <name>xPortSysTickHandler</name>
         <value>0x1d79</value>
         <object_component_ref idref="oc-36"/>
      </symbol>
      <symbol id="sm-101">
         <name>pxPortInitialiseStack</name>
         <value>0x1ca1</value>
         <object_component_ref idref="oc-36"/>
      </symbol>
      <symbol id="sm-102">
         <name>vPortExitCritical</name>
         <value>0x1d63</value>
         <object_component_ref idref="oc-36"/>
      </symbol>
      <symbol id="sm-103">
         <name>xPortStartScheduler</name>
         <value>0x1d0b</value>
         <object_component_ref idref="oc-36"/>
      </symbol>
      <symbol id="sm-104">
         <name>vPortEnterCritical</name>
         <value>0x1d43</value>
         <object_component_ref idref="oc-36"/>
      </symbol>
      <symbol id="sm-113">
         <name>vPortStartFirstTask</name>
         <value>0x20a5</value>
         <object_component_ref idref="oc-31"/>
      </symbol>
      <symbol id="sm-114">
         <name>ulPortGetIPSR</name>
         <value>0x200d</value>
         <object_component_ref idref="oc-31"/>
      </symbol>
      <symbol id="sm-115">
         <name>vPortEnableVFP</name>
         <value>0x20c9</value>
         <object_component_ref idref="oc-31"/>
      </symbol>
      <symbol id="sm-116">
         <name>xPortPendSVHandler</name>
         <value>0x2025</value>
         <object_component_ref idref="oc-31"/>
      </symbol>
      <symbol id="sm-117">
         <name>vPortSVCHandler</name>
         <value>0x2085</value>
         <object_component_ref idref="oc-31"/>
      </symbol>
      <symbol id="sm-2f7">
         <name>vTaskDelay</name>
         <value>0x5a5</value>
         <object_component_ref idref="oc-8b"/>
      </symbol>
      <symbol id="sm-2f8">
         <name>vTaskSuspendAll</name>
         <value>0xa8d</value>
         <object_component_ref idref="oc-8b"/>
      </symbol>
      <symbol id="sm-2f9">
         <name>vTaskPlaceOnEventList</name>
         <value>0xe59</value>
         <object_component_ref idref="oc-8b"/>
      </symbol>
      <symbol id="sm-2fa">
         <name>vTaskSetTaskNumber</name>
         <value>0x108d</value>
         <object_component_ref idref="oc-8b"/>
      </symbol>
      <symbol id="sm-2fb">
         <name>uxTaskPriorityGetFromISR</name>
         <value>0x6a5</value>
         <object_component_ref idref="oc-8b"/>
      </symbol>
      <symbol id="sm-2fc">
         <name>ulTaskNotifyTake</name>
         <value>0x1611</value>
         <object_component_ref idref="oc-8b"/>
      </symbol>
      <symbol id="sm-2fd">
         <name>pcTaskGetName</name>
         <value>0xbb3</value>
         <object_component_ref idref="oc-8b"/>
      </symbol>
      <symbol id="sm-2fe">
         <name>xTaskCheckForTimeOut</name>
         <value>0xfd9</value>
         <object_component_ref idref="oc-8b"/>
      </symbol>
      <symbol id="sm-2ff">
         <name>vTaskRemoveFromUnorderedEventList</name>
         <value>0xf29</value>
         <object_component_ref idref="oc-8b"/>
      </symbol>
      <symbol id="sm-300">
         <name>vTaskPrioritySet</name>
         <value>0x6f1</value>
         <object_component_ref idref="oc-8b"/>
      </symbol>
      <symbol id="sm-301">
         <name>xTaskPriorityDisinherit</name>
         <value>0x145d</value>
         <object_component_ref idref="oc-8b"/>
      </symbol>
      <symbol id="sm-302">
         <name>vTaskStartScheduler</name>
         <value>0xa21</value>
         <object_component_ref idref="oc-8b"/>
      </symbol>
      <symbol id="sm-303">
         <name>vTaskInternalSetTimeOutState</name>
         <value>0xfaf</value>
         <object_component_ref idref="oc-8b"/>
      </symbol>
      <symbol id="sm-304">
         <name>xTaskNotifyStateClear</name>
         <value>0x19db</value>
         <object_component_ref idref="oc-8b"/>
      </symbol>
      <symbol id="sm-305">
         <name>pvTaskIncrementMutexHeldCount</name>
         <value>0x15f3</value>
         <object_component_ref idref="oc-8b"/>
      </symbol>
      <symbol id="sm-306">
         <name>uxTaskGetStackHighWaterMark</name>
         <value>0x12d5</value>
         <object_component_ref idref="oc-8b"/>
      </symbol>
      <symbol id="sm-307">
         <name>xTaskGenericNotify</name>
         <value>0x1733</value>
         <object_component_ref idref="oc-8b"/>
      </symbol>
      <symbol id="sm-308">
         <name>vTaskPriorityDisinheritAfterTimeout</name>
         <value>0x14fb</value>
         <object_component_ref idref="oc-8b"/>
      </symbol>
      <symbol id="sm-309">
         <name>xTaskCreate</name>
         <value>0x26d</value>
         <object_component_ref idref="oc-8b"/>
      </symbol>
      <symbol id="sm-30a">
         <name>vTaskDelayUntil</name>
         <value>0x515</value>
         <object_component_ref idref="oc-8b"/>
      </symbol>
      <symbol id="sm-30b">
         <name>uxTaskGetTaskNumber</name>
         <value>0x1065</value>
         <object_component_ref idref="oc-8b"/>
      </symbol>
      <symbol id="sm-30c">
         <name>vTaskEndScheduler</name>
         <value>0xa6b</value>
         <object_component_ref idref="oc-8b"/>
      </symbol>
      <symbol id="sm-30d">
         <name>xTaskNotifyWait</name>
         <value>0x1691</value>
         <object_component_ref idref="oc-8b"/>
      </symbol>
      <symbol id="sm-30e">
         <name>vTaskMissedYield</name>
         <value>0x1057</value>
         <object_component_ref idref="oc-8b"/>
      </symbol>
      <symbol id="sm-30f">
         <name>uxTaskGetNumberOfTasks</name>
         <value>0xbad</value>
         <object_component_ref idref="oc-8b"/>
      </symbol>
      <symbol id="sm-310">
         <name>xTaskGenericNotifyFromISR</name>
         <value>0x181d</value>
         <object_component_ref idref="oc-8b"/>
      </symbol>
      <symbol id="sm-311">
         <name>vTaskGetInfo</name>
         <value>0x1149</value>
         <object_component_ref idref="oc-8b"/>
      </symbol>
      <symbol id="sm-312">
         <name>uxTaskPriorityGet</name>
         <value>0x675</value>
         <object_component_ref idref="oc-8b"/>
      </symbol>
      <symbol id="sm-313">
         <name>xTaskResumeAll</name>
         <value>0xa9d</value>
         <object_component_ref idref="oc-8b"/>
      </symbol>
      <symbol id="sm-314">
         <name>xTaskGetTickCount</name>
         <value>0xb85</value>
         <object_component_ref idref="oc-8b"/>
      </symbol>
      <symbol id="sm-315">
         <name>uxTaskGetSystemState</name>
         <value>0xbd9</value>
         <object_component_ref idref="oc-8b"/>
      </symbol>
      <symbol id="sm-316">
         <name>vTaskDelete</name>
         <value>0x467</value>
         <object_component_ref idref="oc-8b"/>
      </symbol>
      <symbol id="sm-317">
         <name>pxCurrentTCB</name>
         <value>0x200078ec</value>
         <object_component_ref idref="oc-85"/>
      </symbol>
      <symbol id="sm-318">
         <name>vTaskNotifyGiveFromISR</name>
         <value>0x192d</value>
         <object_component_ref idref="oc-8b"/>
      </symbol>
      <symbol id="sm-319">
         <name>eTaskGetState</name>
         <value>0x5e1</value>
         <object_component_ref idref="oc-8b"/>
      </symbol>
      <symbol id="sm-31a">
         <name>vTaskSuspend</name>
         <value>0x809</value>
         <object_component_ref idref="oc-8b"/>
      </symbol>
      <symbol id="sm-31b">
         <name>xTaskGetTickCountFromISR</name>
         <value>0xb99</value>
         <object_component_ref idref="oc-8b"/>
      </symbol>
      <symbol id="sm-31c">
         <name>vTaskResume</name>
         <value>0x919</value>
         <object_component_ref idref="oc-8b"/>
      </symbol>
      <symbol id="sm-31d">
         <name>vTaskSetTimeOutState</name>
         <value>0xf91</value>
         <object_component_ref idref="oc-8b"/>
      </symbol>
      <symbol id="sm-31e">
         <name>xTaskIncrementTick</name>
         <value>0xccd</value>
         <object_component_ref idref="oc-8b"/>
      </symbol>
      <symbol id="sm-31f">
         <name>vTaskSwitchContext</name>
         <value>0xdf1</value>
         <object_component_ref idref="oc-8b"/>
      </symbol>
      <symbol id="sm-320">
         <name>uxTaskResetEventItemValue</name>
         <value>0x15d1</value>
         <object_component_ref idref="oc-8b"/>
      </symbol>
      <symbol id="sm-321">
         <name>xTaskResumeFromISR</name>
         <value>0x993</value>
         <object_component_ref idref="oc-8b"/>
      </symbol>
      <symbol id="sm-322">
         <name>xTaskGetCurrentTaskHandle</name>
         <value>0x1345</value>
         <object_component_ref idref="oc-8b"/>
      </symbol>
      <symbol id="sm-323">
         <name>vTaskPlaceOnUnorderedEventList</name>
         <value>0xe75</value>
         <object_component_ref idref="oc-8b"/>
      </symbol>
      <symbol id="sm-324">
         <name>xTaskRemoveFromEventList</name>
         <value>0xea9</value>
         <object_component_ref idref="oc-8b"/>
      </symbol>
      <symbol id="sm-325">
         <name>xTaskPriorityInherit</name>
         <value>0x137d</value>
         <object_component_ref idref="oc-8b"/>
      </symbol>
      <symbol id="sm-342">
         <name>ResetISR</name>
         <value>0x2413</value>
         <object_component_ref idref="oc-2b"/>
      </symbol>
      <symbol id="sm-343">
         <name>g_pfnVectors</name>
         <value>0x0</value>
         <object_component_ref idref="oc-f"/>
      </symbol>
      <symbol id="sm-35a">
         <name>_c_int00</name>
         <value>0x22c5</value>
         <object_component_ref idref="oc-24"/>
      </symbol>
      <symbol id="sm-35b">
         <name>__stack</name>
         <value>0x200076ec</value>
         <object_component_ref idref="oc-2a"/>
      </symbol>
      <symbol id="sm-379">
         <name>__TI_decompress_lzss</name>
         <value>0x225d</value>
         <object_component_ref idref="oc-12"/>
      </symbol>
      <symbol id="sm-390">
         <name>__TI_decompress_none</name>
         <value>0x23f9</value>
         <object_component_ref idref="oc-18"/>
      </symbol>
      <symbol id="sm-3a7">
         <name>__TI_zero_init</name>
         <value>0x2407</value>
         <object_component_ref idref="oc-1e"/>
      </symbol>
      <symbol id="sm-3c8">
         <name>C$$EXIT</name>
         <value>0x2319</value>
         <object_component_ref idref="oc-7a"/>
      </symbol>
      <symbol id="sm-3c9">
         <name>abort</name>
         <value>0x231d</value>
         <object_component_ref idref="oc-7a"/>
      </symbol>
      <symbol id="sm-3ca">
         <name>exit</name>
         <value>0x2325</value>
         <object_component_ref idref="oc-7a"/>
      </symbol>
      <symbol id="sm-3cb">
         <name>__TI_dtors_ptr</name>
         <value>0x20007924</value>
         <object_component_ref idref="oc-d6"/>
      </symbol>
      <symbol id="sm-3cc">
         <name>__TI_cleanup_ptr</name>
         <value>0x20007920</value>
         <object_component_ref idref="oc-d6"/>
      </symbol>
      <symbol id="sm-3cd">
         <name>__TI_enable_exit_profile_output</name>
         <value>0x20007928</value>
         <object_component_ref idref="oc-d6"/>
      </symbol>
      <symbol id="sm-3e8">
         <name>memcpy</name>
         <value>0x20d7</value>
         <object_component_ref idref="oc-4a"/>
      </symbol>
      <symbol id="sm-3e9">
         <name>__aeabi_memcpy</name>
         <value>0x20d7</value>
         <object_component_ref idref="oc-4a"/>
      </symbol>
      <symbol id="sm-3ea">
         <name>__aeabi_memcpy8</name>
         <value>0x20d7</value>
         <object_component_ref idref="oc-4a"/>
      </symbol>
      <symbol id="sm-3eb">
         <name>__aeabi_memcpy4</name>
         <value>0x20d7</value>
         <object_component_ref idref="oc-4a"/>
      </symbol>
      <symbol id="sm-3fa">
         <name>__aeabi_memset</name>
         <value>0x2175</value>
         <object_component_ref idref="oc-56"/>
      </symbol>
      <symbol id="sm-3fb">
         <name>memset</name>
         <value>0x217b</value>
         <object_component_ref idref="oc-56"/>
      </symbol>
      <symbol id="sm-3fc">
         <name>__aeabi_memset8</name>
         <value>0x2175</value>
         <object_component_ref idref="oc-56"/>
      </symbol>
      <symbol id="sm-3fd">
         <name>__aeabi_memset4</name>
         <value>0x2175</value>
         <object_component_ref idref="oc-56"/>
      </symbol>
      <symbol id="sm-3fe">
         <name>__aeabi_memclr8</name>
         <value>0x2173</value>
         <object_component_ref idref="oc-56"/>
      </symbol>
      <symbol id="sm-3ff">
         <name>__aeabi_memclr4</name>
         <value>0x2173</value>
         <object_component_ref idref="oc-56"/>
      </symbol>
      <symbol id="sm-400">
         <name>__aeabi_memclr</name>
         <value>0x2173</value>
         <object_component_ref idref="oc-56"/>
      </symbol>
      <symbol id="sm-40a">
         <name>__mpu_init</name>
         <value>0x1f07</value>
         <object_component_ref idref="oc-62"/>
      </symbol>
      <symbol id="sm-414">
         <name>_system_pre_init</name>
         <value>0x2425</value>
         <object_component_ref idref="oc-68"/>
      </symbol>
      <symbol id="sm-41c">
         <name>main_func_sp</name>
         <value>0x20007940</value>
         <object_component_ref idref="oc-80"/>
      </symbol>
      <symbol id="sm-436">
         <name>_nop</name>
         <value>0x23f3</value>
         <object_component_ref idref="oc-142"/>
      </symbol>
      <symbol id="sm-437">
         <name>_lock</name>
         <value>0x2000792c</value>
         <object_component_ref idref="oc-d9"/>
      </symbol>
      <symbol id="sm-438">
         <name>_unlock</name>
         <value>0x20007930</value>
         <object_component_ref idref="oc-d9"/>
      </symbol>
      <symbol id="sm-439">
         <name>_register_lock</name>
         <value>0x23eb</value>
         <object_component_ref idref="oc-142"/>
      </symbol>
      <symbol id="sm-43a">
         <name>_register_unlock</name>
         <value>0x23e5</value>
         <object_component_ref idref="oc-142"/>
      </symbol>
      <symbol id="sm-44e">
         <name>_args_main</name>
         <value>0x23b9</value>
         <object_component_ref idref="oc-74"/>
      </symbol>
      <symbol id="sm-478">
         <name>__TI_auto_init</name>
         <value>0x21ed</value>
         <object_component_ref idref="oc-6e"/>
      </symbol>
      <symbol id="sm-492">
         <name>copy_in</name>
         <value>0x236d</value>
         <object_component_ref idref="oc-c0"/>
      </symbol>
      <symbol id="sm-49d">
         <name>_system_post_cinit</name>
         <value>0x2429</value>
         <object_component_ref idref="oc-c6"/>
      </symbol>
      <symbol id="sm-4c1">
         <name>SysCtlClockSet</name>
         <value>0x1f09</value>
         <object_component_ref idref="oc-132"/>
      </symbol>
      <symbol id="sm-4c2">
         <name>SysCtlDelay</name>
         <value>0x241f</value>
         <object_component_ref idref="oc-197"/>
      </symbol>
      <symbol id="sm-4c5">
         <name>__TI_static_base__</name>
         <value>0x0</value>
      </symbol>
      <symbol id="sm-4c8">
         <name>SHT$$INIT_ARRAY$$Limit</name>
         <value>0x0</value>
      </symbol>
      <symbol id="sm-4c9">
         <name>SHT$$INIT_ARRAY$$Base</name>
         <value>0x0</value>
      </symbol>
   </symbol_table>
   <title>Link successful</title>
</link_info>
