******************************************************************************
                  TI ARM Linker PC v16.9.3                     
******************************************************************************
>> Linked Thu Feb 01 14:58:46 2018

OUTPUT FILE NAME:   <newFastProject.out>
ENTRY POINT SYMBOL: "_c_int00"  address: 000022c5


MEMORY CONFIGURATION

         name            origin    length      used     unused   attr    fill
----------------------  --------  ---------  --------  --------  ----  --------
  FLASH                 00000000   00040000  00002470  0003db90  R  X
  SRAM                  20000000   00008000  00007944  000006bc  RW X


SEGMENT ALLOCATION MAP

run origin  load origin   length   init length attrs members
----------  ----------- ---------- ----------- ----- -------
00000000    00000000    00002478   00002478    r-x
  00000000    00000000    0000026c   0000026c    r-- .intvecs
  0000026c    0000026c    000021be   000021be    r-x .text
  0000242c    0000242c    00000006   00000006    r-- .const
  00002438    00002438    00000040   00000040    r-- .cinit
20000000    20000000    00007944   00000000    rw-
  20000000    20000000    000076ec   00000000    rw- .bss
  200076ec    200076ec    00000200   00000000    rw- .stack
  200078ec    200078ec    00000058   00000000    rw- .data


SECTION ALLOCATION MAP

 output                                  attributes/
section   page    origin      length       input sections
--------  ----  ----------  ----------   ----------------
.intvecs   0    00000000    0000026c     
                  00000000    0000026c     tm4c123gh6pm_startup_ccs.obj (.intvecs)

.text      0    0000026c    000021be     
                  0000026c    00001868     tasks.obj (.text)
                  00001ad4    000001cc     heap_2.obj (.text)
                  00001ca0    0000013c     port.obj (.text)
                  00001ddc    0000012a     list.obj (.text)
                  00001f06    00000002     rtsv7M4_T_le_v4SPD16_eabi.lib : mpu_init.obj (.text)
                  00001f08    000000f4     driverlib.lib : sysctl.obj (.text:SysCtlClockSet)
                  00001ffc    000000da     portasm.obj (.text)
                  000020d6    0000009c     rtsv7M4_T_le_v4SPD16_eabi.lib : memcpy_t2.obj (.text)
                  00002172    0000007a                                   : memset_t2.obj (.text)
                  000021ec    00000070                                   : autoinit.obj (.text)
                  0000225c    00000068                                   : copy_decompress_lzss.obj (.text:decompress:lzss)
                  000022c4    00000054                                   : boot.obj (.text)
                  00002318    00000054                                   : exit.obj (.text)
                  0000236c    0000004c                                   : cpy_tbl.obj (.text)
                  000023b8    00000018                                   : args_main.obj (.text)
                  000023d0    00000014     main.obj (.text)
                  000023e4    00000014     rtsv7M4_T_le_v4SPD16_eabi.lib : _lock.obj (.text)
                  000023f8    0000000e                                   : copy_decompress_none.obj (.text:decompress:none)
                  00002406    0000000c                                   : copy_zero_init.obj (.text:decompress:ZI)
                  00002412    0000000c     tm4c123gh6pm_startup_ccs.obj (.text)
                  0000241e    00000006     driverlib.lib : sysctl.obj (.text:SysCtlDelay)
                  00002424    00000004     rtsv7M4_T_le_v4SPD16_eabi.lib : pre_init.obj (.text)
                  00002428    00000002                                   : startup.obj (.text)

.const     0    0000242c    00000006     
                  0000242c    00000004     port.obj (.const)
                  00002430    00000002     heap_2.obj (.const)

.cinit     0    00002438    00000040     
                  00002438    00000019     (.cinit..data.load) [load image, compression = lzss]
                  00002451    00000003     --HOLE-- [fill = 0]
                  00002454    0000000c     (__TI_handler_table)
                  00002460    00000008     (.cinit..bss.load) [load image, compression = zero_init]
                  00002468    00000010     (__TI_cinit_table)

.init_array 
*          0    00000000    00000000     UNINITIALIZED

.bss       0    20000000    000076ec     UNINITIALIZED
                  20000000    00007530     heap_2.obj (.bss:ucHeap)
                  20007530    00000140     tasks.obj (.bss:pxReadyTasksLists)
                  20007670    00000014     tasks.obj (.bss:xDelayedTaskList1)
                  20007684    00000014     tasks.obj (.bss:xDelayedTaskList2)
                  20007698    00000014     tasks.obj (.bss:xPendingReadyList)
                  200076ac    00000014     tasks.obj (.bss:xSuspendedTaskList)
                  200076c0    00000014     tasks.obj (.bss:xTasksWaitingTermination)
                  200076d4    00000008     tasks.obj (.bss)
                  200076dc    00000008     heap_2.obj (.bss:xEnd)
                  200076e4    00000008     heap_2.obj (.bss:xStart)

.stack     0    200076ec    00000200     UNINITIALIZED
                  200076ec    00000200     --HOLE--

.data      0    200078ec    00000058     UNINITIALIZED
                  200078ec    00000034     tasks.obj (.data)
                  20007920    0000000c     rtsv7M4_T_le_v4SPD16_eabi.lib : exit.obj (.data:$O1$$)
                  2000792c    00000008                                   : _lock.obj (.data:$O1$$)
                  20007934    00000008     heap_2.obj (.data)
                  2000793c    00000004     port.obj (.data)
                  20007940    00000004     rtsv7M4_T_le_v4SPD16_eabi.lib : stkdepth_vars.obj (.data)

MODULE SUMMARY

       Module                         code   ro data   rw data
       ------                         ----   -------   -------
    .\
       heap_2.obj                     460    2         30024  
       tasks.obj                      6248   0         480    
       tm4c123gh6pm_startup_ccs.obj   12     620       0      
       port.obj                       316    4         4      
       list.obj                       298    0         0      
       portasm.obj                    218    0         0      
       main.obj                       20     0         0      
    +--+------------------------------+------+---------+---------+
       Total:                         7572   626       30508  
                                                              
    C:/ti/TivaWare_C_Series-2.1.4.178/driverlib/ccs/Debug/driverlib.lib
       sysctl.obj                     250    0         0      
    +--+------------------------------+------+---------+---------+
       Total:                         250    0         0      
                                                              
    C:\ti\ccsv7\tools\compiler\ti-cgt-arm_16.9.3.LTS\lib\rtsv7M4_T_le_v4SPD16_eabi.lib
       memcpy_t2.obj                  156    0         0      
       memset_t2.obj                  122    0         0      
       autoinit.obj                   112    0         0      
       copy_decompress_lzss.obj       104    0         0      
       exit.obj                       84     0         12     
       boot.obj                       84     0         0      
       cpy_tbl.obj                    76     0         0      
       _lock.obj                      20     0         8      
       args_main.obj                  24     0         0      
       copy_decompress_none.obj       14     0         0      
       copy_zero_init.obj             12     0         0      
       pre_init.obj                   4      0         0      
       stkdepth_vars.obj              0      0         4      
       mpu_init.obj                   2      0         0      
       startup.obj                    2      0         0      
    +--+------------------------------+------+---------+---------+
       Total:                         816    0         24     
                                                              
       Stack:                         0      0         512    
       Linker Generated:              0      61        0      
    +--+------------------------------+------+---------+---------+
       Grand Total:                   8638   687       31044  


LINKER GENERATED COPY TABLES

__TI_cinit_table @ 00002468 records: 2, size/record: 8, table size: 16
	.data: load addr=00002438, load size=00000019 bytes, run addr=200078ec, run size=00000058 bytes, compression=lzss
	.bss: load addr=00002460, load size=00000008 bytes, run addr=20000000, run size=000076ec bytes, compression=zero_init


LINKER GENERATED HANDLER TABLE

__TI_handler_table @ 00002454 records: 3, size/record: 4, table size: 12
	index: 0, handler: __TI_decompress_lzss
	index: 1, handler: __TI_decompress_none
	index: 2, handler: __TI_zero_init


GLOBAL SYMBOLS: SORTED ALPHABETICALLY BY Name 

address   name                               
-------   ----                               
00002319  C$$EXIT                            
00002413  ResetISR                           
UNDEFED   SHT$$INIT_ARRAY$$Base              
UNDEFED   SHT$$INIT_ARRAY$$Limit             
00001f09  SysCtlClockSet                     
0000241f  SysCtlDelay                        
200078ec  __STACK_END                        
00000200  __STACK_SIZE                       
200078ec  __STACK_TOP                        
00002468  __TI_CINIT_Base                    
00002478  __TI_CINIT_Limit                   
00002454  __TI_Handler_Table_Base            
00002460  __TI_Handler_Table_Limit           
000021ed  __TI_auto_init                     
20007920  __TI_cleanup_ptr                   
0000225d  __TI_decompress_lzss               
000023f9  __TI_decompress_none               
20007924  __TI_dtors_ptr                     
20007928  __TI_enable_exit_profile_output    
ffffffff  __TI_pprof_out_hndl                
ffffffff  __TI_prof_data_size                
ffffffff  __TI_prof_data_start               
00000000  __TI_static_base__                 
00002407  __TI_zero_init                     
00002173  __aeabi_memclr                     
00002173  __aeabi_memclr4                    
00002173  __aeabi_memclr8                    
000020d7  __aeabi_memcpy                     
000020d7  __aeabi_memcpy4                    
000020d7  __aeabi_memcpy8                    
00002175  __aeabi_memset                     
00002175  __aeabi_memset4                    
00002175  __aeabi_memset8                    
ffffffff  __binit__                          
ffffffff  __c_args__                         
00001f07  __mpu_init                         
200076ec  __stack                            
000023b9  _args_main                         
000022c5  _c_int00                           
2000792c  _lock                              
000023f3  _nop                               
000023eb  _register_lock                     
000023e5  _register_unlock                   
00002429  _system_post_cinit                 
00002425  _system_pre_init                   
20007930  _unlock                            
0000231d  abort                              
ffffffff  binit                              
0000236d  copy_in                            
000005e1  eTaskGetState                      
00002325  exit                               
00000000  g_pfnVectors                       
000023d1  main                               
20007940  main_func_sp                       
000020d7  memcpy                             
0000217b  memset                             
00000bb3  pcTaskGetName                      
00001ad5  pvPortMalloc                       
000015f3  pvTaskIncrementMutexHeldCount      
200078ec  pxCurrentTCB                       
00001ca1  pxPortInitialiseStack              
0000242c  ulMaxSyscallInterruptPriority      
0000200d  ulPortGetIPSR                      
00001611  ulTaskNotifyTake                   
00001ebf  uxListRemove                       
00000bad  uxTaskGetNumberOfTasks             
000012d5  uxTaskGetStackHighWaterMark        
00000bd9  uxTaskGetSystemState               
00001065  uxTaskGetTaskNumber                
00000675  uxTaskPriorityGet                  
000006a5  uxTaskPriorityGetFromISR           
000015d1  uxTaskResetEventItemValue          
00001ddd  vListInitialise                    
00001e0d  vListInitialiseItem                
00001e59  vListInsert                        
00001e1d  vListInsertEnd                     
000020c9  vPortEnableVFP                     
00001d41  vPortEndScheduler                  
00001d43  vPortEnterCritical                 
00001d63  vPortExitCritical                  
00001bdb  vPortFree                          
00001c43  vPortInitialiseBlocks              
00002085  vPortSVCHandler                    
00001d9f  vPortSetupTimerInterrupt           
000020a5  vPortStartFirstTask                
000005a5  vTaskDelay                         
00000515  vTaskDelayUntil                    
00000467  vTaskDelete                        
00000a6b  vTaskEndScheduler                  
00001149  vTaskGetInfo                       
00000faf  vTaskInternalSetTimeOutState       
00001057  vTaskMissedYield                   
0000192d  vTaskNotifyGiveFromISR             
00000e59  vTaskPlaceOnEventList              
00000e75  vTaskPlaceOnUnorderedEventList     
000014fb  vTaskPriorityDisinheritAfterTimeout
000006f1  vTaskPrioritySet                   
00000f29  vTaskRemoveFromUnorderedEventList  
00000919  vTaskResume                        
0000108d  vTaskSetTaskNumber                 
00000f91  vTaskSetTimeOutState               
00000a21  vTaskStartScheduler                
00000809  vTaskSuspend                       
00000a8d  vTaskSuspendAll                    
00000df1  vTaskSwitchContext                 
00001c3d  xPortGetFreeHeapSize               
00002025  xPortPendSVHandler                 
00001d0b  xPortStartScheduler                
00001d79  xPortSysTickHandler                
00000fd9  xTaskCheckForTimeOut               
0000026d  xTaskCreate                        
00001733  xTaskGenericNotify                 
0000181d  xTaskGenericNotifyFromISR          
00001345  xTaskGetCurrentTaskHandle          
00000b85  xTaskGetTickCount                  
00000b99  xTaskGetTickCountFromISR           
00000ccd  xTaskIncrementTick                 
000019db  xTaskNotifyStateClear              
00001691  xTaskNotifyWait                    
0000145d  xTaskPriorityDisinherit            
0000137d  xTaskPriorityInherit               
00000ea9  xTaskRemoveFromEventList           
00000a9d  xTaskResumeAll                     
00000993  xTaskResumeFromISR                 


GLOBAL SYMBOLS: SORTED BY Symbol Address 

address   name                               
-------   ----                               
00000000  __TI_static_base__                 
00000000  g_pfnVectors                       
00000200  __STACK_SIZE                       
0000026d  xTaskCreate                        
00000467  vTaskDelete                        
00000515  vTaskDelayUntil                    
000005a5  vTaskDelay                         
000005e1  eTaskGetState                      
00000675  uxTaskPriorityGet                  
000006a5  uxTaskPriorityGetFromISR           
000006f1  vTaskPrioritySet                   
00000809  vTaskSuspend                       
00000919  vTaskResume                        
00000993  xTaskResumeFromISR                 
00000a21  vTaskStartScheduler                
00000a6b  vTaskEndScheduler                  
00000a8d  vTaskSuspendAll                    
00000a9d  xTaskResumeAll                     
00000b85  xTaskGetTickCount                  
00000b99  xTaskGetTickCountFromISR           
00000bad  uxTaskGetNumberOfTasks             
00000bb3  pcTaskGetName                      
00000bd9  uxTaskGetSystemState               
00000ccd  xTaskIncrementTick                 
00000df1  vTaskSwitchContext                 
00000e59  vTaskPlaceOnEventList              
00000e75  vTaskPlaceOnUnorderedEventList     
00000ea9  xTaskRemoveFromEventList           
00000f29  vTaskRemoveFromUnorderedEventList  
00000f91  vTaskSetTimeOutState               
00000faf  vTaskInternalSetTimeOutState       
00000fd9  xTaskCheckForTimeOut               
00001057  vTaskMissedYield                   
00001065  uxTaskGetTaskNumber                
0000108d  vTaskSetTaskNumber                 
00001149  vTaskGetInfo                       
000012d5  uxTaskGetStackHighWaterMark        
00001345  xTaskGetCurrentTaskHandle          
0000137d  xTaskPriorityInherit               
0000145d  xTaskPriorityDisinherit            
000014fb  vTaskPriorityDisinheritAfterTimeout
000015d1  uxTaskResetEventItemValue          
000015f3  pvTaskIncrementMutexHeldCount      
00001611  ulTaskNotifyTake                   
00001691  xTaskNotifyWait                    
00001733  xTaskGenericNotify                 
0000181d  xTaskGenericNotifyFromISR          
0000192d  vTaskNotifyGiveFromISR             
000019db  xTaskNotifyStateClear              
00001ad5  pvPortMalloc                       
00001bdb  vPortFree                          
00001c3d  xPortGetFreeHeapSize               
00001c43  vPortInitialiseBlocks              
00001ca1  pxPortInitialiseStack              
00001d0b  xPortStartScheduler                
00001d41  vPortEndScheduler                  
00001d43  vPortEnterCritical                 
00001d63  vPortExitCritical                  
00001d79  xPortSysTickHandler                
00001d9f  vPortSetupTimerInterrupt           
00001ddd  vListInitialise                    
00001e0d  vListInitialiseItem                
00001e1d  vListInsertEnd                     
00001e59  vListInsert                        
00001ebf  uxListRemove                       
00001f07  __mpu_init                         
00001f09  SysCtlClockSet                     
0000200d  ulPortGetIPSR                      
00002025  xPortPendSVHandler                 
00002085  vPortSVCHandler                    
000020a5  vPortStartFirstTask                
000020c9  vPortEnableVFP                     
000020d7  __aeabi_memcpy                     
000020d7  __aeabi_memcpy4                    
000020d7  __aeabi_memcpy8                    
000020d7  memcpy                             
00002173  __aeabi_memclr                     
00002173  __aeabi_memclr4                    
00002173  __aeabi_memclr8                    
00002175  __aeabi_memset                     
00002175  __aeabi_memset4                    
00002175  __aeabi_memset8                    
0000217b  memset                             
000021ed  __TI_auto_init                     
0000225d  __TI_decompress_lzss               
000022c5  _c_int00                           
00002319  C$$EXIT                            
0000231d  abort                              
00002325  exit                               
0000236d  copy_in                            
000023b9  _args_main                         
000023d1  main                               
000023e5  _register_unlock                   
000023eb  _register_lock                     
000023f3  _nop                               
000023f9  __TI_decompress_none               
00002407  __TI_zero_init                     
00002413  ResetISR                           
0000241f  SysCtlDelay                        
00002425  _system_pre_init                   
00002429  _system_post_cinit                 
0000242c  ulMaxSyscallInterruptPriority      
00002454  __TI_Handler_Table_Base            
00002460  __TI_Handler_Table_Limit           
00002468  __TI_CINIT_Base                    
00002478  __TI_CINIT_Limit                   
200076ec  __stack                            
200078ec  __STACK_END                        
200078ec  __STACK_TOP                        
200078ec  pxCurrentTCB                       
20007920  __TI_cleanup_ptr                   
20007924  __TI_dtors_ptr                     
20007928  __TI_enable_exit_profile_output    
2000792c  _lock                              
20007930  _unlock                            
20007940  main_func_sp                       
ffffffff  __TI_pprof_out_hndl                
ffffffff  __TI_prof_data_size                
ffffffff  __TI_prof_data_start               
ffffffff  __binit__                          
ffffffff  __c_args__                         
ffffffff  binit                              
UNDEFED   SHT$$INIT_ARRAY$$Base              
UNDEFED   SHT$$INIT_ARRAY$$Limit             

[124 symbols]
